Acaricomes	Acaricomes_phytoseiuli_DSM_14247.xml
Acaryochloris	Acaryochloris_marina_MBIC11017.xml
Acetanaerobacterium	Acetanaerobacterium_elongatum_CGMCC_1_5012.xml
Acetatifactor	Acetatifactor_muris_GP69.xml
Acetivibrio	Acetivibrio_cellulolyticus_CD2.xml
Acetobacterium	Acetobacterium_wieringae_DSM_1911.xml
Acetonema	Acetonema_longum_DSM_6540.xml
Achromobacter	Achromobacter_xylosoxidans_A8.xml
Acidaminobacter	Acidaminobacter_hydrogenoformans_DSM_2784.xml
Acidaminococcus	Acidaminococcus_fermentans_DSM_20731.xml
Acidobacterium	Acidobacterium_ailaaui_PMMR2.xml
Acidovorax	Acidovorax_caeni_R_24608.xml
Acinetobacter	Acinetobacter_pittii_D499.xml
Actinobacillus	Actinobacillus_pleuropneumoniae_serovar_11_str_56153.xml
Actinomyces	Actinomyces_odontolyticus_F0309.xml
Acutalibacter	Acutalibacter_muris_KB18.xml
Adlercreutzia	Adlercreutzia_muris_DSM_29508.xml
Advenella	Advenella_mimigardefordensis_DPN7.xml
Aerococcus	Aerococcus_viridans_LL1.xml
Aeromicrobium	Aeromicrobium_massiliense_JC14.xml
Aeromonas	Aeromonas_dhakensis_277.xml
Afipia	Afipia_birgiae_34632.xml
Aggregatibacter	Aggregatibacter_aphrophilus_F0387.xml
Agrobacterium	Agrobacterium_tumefaciens_F2.xml
Akkermansia	Akkermansia_muciniphila_YL44.xml
Alcaligenes	Alcaligenes_faecalis_subsp_faecalis_NBRC_13111.xml
Aliivibrio	Aliivibrio_fischeri_MJ11.xml
Alistipes	Alistipes_shahii_WAL_8301.xml
Alkalibaculum	Alkalibaculum_bacchi_DSM_22112_Ga0244545_101.xml
Alkaliphilus	Alkaliphilus_transvaalensis_ATCC_700919.xml
Allobaculum	Allobaculum_stercoricanis_DSM_13633.xml
Alloiococcus	Alloiococcus_otitis_ATCC_51267.xml
Alloprevotella	Alloprevotella_tannerae_ATCC_51259.xml
Alloscardovia	Alloscardovia_omnicolens_DSM_21503.xml
Amazonia	Amazonia_massiliensis_MS4.xml
Aminivibrio	Aminivibrio_pyruvatiphilus_DSM_25964.xml
Anaerobacillus	Anaerobacillus_macyae_DSM_16346.xml
Anaerobaculum	Anaerobaculum_hydrogeniformans_OS1_ATCC_BAA_1850.xml
Anaerobiospirillum	Anaerobiospirillum_succiniciproducens_DSM_640001.xml
Anaerococcus	Anaerococcus_tetradius_ATCC_35098.xml
Anaerofustis	Anaerofustis_stercorihominis_DSM_17244.xml
Anaeroglobus	Anaeroglobus_geminatus_F0357.xml
Anaeroplasma	Anaeroplasma_bactoclasticum_ATCC_27112.xml
Anaerosalibacter	Anaerosalibacter_massiliensis_ND1.xml
Anaerosporobacter	Anaerosporobacter_mobilis_DSM_15930.xml
Anaerostipes	Anaerostipes_hadrus_ERR1022376.xml
Anaerotignum	Anaerotignum_propionicum_DSM_1682.xml
Anaerotruncus	Anaerotruncus_colihominis_ERR1022453.xml
Anaerovorax	Anaerovorax_odorimutans_DSM_5092.xml
Aneurinibacillus	Aneurinibacillus_aneurinilyticus_ATCC_12856.xml
Arcanobacterium	Arcanobacterium_haemolyticum_DSM_20595.xml
Arcobacter	Arcobacter_butzleri_ED_1.xml
Ardenticatena	Ardenticatena_maritima_110S.xml
Arthrobacter	Arthrobacter_castelli_DSM_16402.xml
Atopobium	Atopobium_rimae_ATCC_49626.xml
Auritidibacter	Auritidibacter_ignavus_IMMIB_L_1656.xml
Bacillus	Bacillus_cereus_BAG3X2_1.xml
Bacteroidales	Bacteroidales_nov_ERR2221200.xml
Bacteroides	Bacteroides_ovatus_CL02T12C04.xml
Bacteroidetes	Bacteroidetes_bacterium_oral_taxon_272_str_F0290.xml
Barnesiella	Barnesiella_intestinihominis_YIT_11860.xml
Bartonella	Bartonella_quintana_RM_11.xml
Bdellovibrio	Bdellovibrio_bacteriovorus_HD100.xml
Beduini	Beduini_massiliensis_DSM_100188.xml
Bifidobacterium	Bifidobacterium_dentium_ATCC_27679.xml
Bilophila	Bilophila_wadsworthia_3_1_6.xml
Bittarella	Bittarella_massiliensis_GD6.xml
Blastococcus	Blastococcus_massiliensis_AP3.xml
Blautia	Blautia_torques_ERR1022404.xml
Bordetella	Bordetella_hinzii_OH87_BAL007II.xml
Borkfalkia	Borkfalkia_ceftriaxoniphila_HDS1380.xml
Bosea	Bosea_thiooxidans_DSM_9653.xml
Brachybacterium	Brachybacterium_paraconglomeratum_LC44.xml
Brachyspira	Brachyspira_pilosicoli_WesB.xml
Bradyrhizobium	Bradyrhizobium_elkanii_USDA_76.xml
Brevibacillus	Brevibacillus_brevis_FJAT_0809_GLX.xml
Brevibacterium	Brevibacterium_casei_S18.xml
Brevundimonas	Brevundimonas_diminuta_470_4.xml
Brochothrix	Brochothrix_thermosphacta_DSM_20171.xml
Bulleidia	Bulleidia_extructa_W1219.xml
Burkholderia	Burkholderia_cenocepacia_J2315.xml
Burkholderiales	Burkholderiales_bacterium_1_1_47.xml
Butyricicoccus	Butyricicoccus_pullicaecorum_1_2.xml
Butyricimonas	Butyricimonas_synergistica_DSM_23225.xml
Butyrivibrio	Butyrivibrio_fibrisolvens_16_4.xml
Caecibacter	Caecibacter_massiliensis_DSM_100188.xml
Campylobacter	Campylobacter_coli_2685.xml
Candidatus	Candidatus_Dorea_massiliensis_AP6.xml
Capnocytophaga	Capnocytophaga_ochracea_F0287.xml
Cardiobacterium	Cardiobacterium_valvarum_F0432.xml
Carnobacterium	Carnobacterium_maltaromaticum_ATCC_35586.xml
Catabacter	Catabacter_hongkongensis_HKU16.xml
Catenibacterium	Catenibacterium_mitsuokai_ERR1022284.xml
Catonella	Catonella_morbi_ATCC_51271.xml
Cedecea	Cedecea_davisae_DSM_4568.xml
Cellulomonas	Cellulomonas_timonensis_DSM_100699.xml
Cellulosilyticum	Cellulosilyticum_lentocellum_DSM_5427.xml
Cellulosimicrobium	Cellulosimicrobium_cellulans_J36.xml
Centipeda	Centipeda_periodontii_DSM_2778.xml
Cetobacterium	Cetobacterium_somerae_ATCC_BAA_47401.xml
Chlorobium	Chlorobium_phaeobacteroides_DSM_266.xml
Christensenella	Christensenella_minuta_DSM_22607.xml
Christensenellaceae	Christensenellaceae_nov_ERR1022455.xml
Citrobacter	Citrobacter_youngae_ATCC_29220.xml
Cloacibacillus	Cloacibacillus_evryensis_DSM_19522.xml
Cloacibacterium	Cloacibacterium_normanense_DSM_15886.xml
Clostridiaceae	Clostridiaceae_nov_ERR2221146.xml
Clostridiales	Clostridiales_incertae_sedis_nov_ERR2221388.xml
Clostridioides	Clostridioides_difficile_ATCC_9689.xml
Clostridium	Clostridium_clostridioforme_90A6.xml
Cohnella	Cohnella_laeviribosi_DSM_21336.xml
Colibacter	Colibacter_massiliensis_DSM_103304.xml
Collinsella	Collinsella_tanakaei_YIT_12063.xml
Comamonas	Comamonas_testosteroni_CNB_2.xml
Coprobacillus	Coprobacillus_cateniformis_D6.xml
Coprobacter	Coprobacter_fastidiosus_NSB1.xml
Coprococcus	Coprococcus_catus_GD_7.xml
Corynebacterium	Corynebacterium_glucuronolyticum_ATCC_51866.xml
Cronobacter	Cronobacter_sakazakii_ES15.xml
Cryptobacterium	Cryptobacterium_curtum_DSM_15641.xml
Culturomica	Culturomica_massiliensis_DSM_103121.xml
Cuneatibacter	Cuneatibacter_caecimuris_DSM_29486.xml
Cupriavidus	Cupriavidus_metallidurans_CH34.xml
Curtobacterium	Curtobacterium_flaccumfaciens_UCD_AKU.xml
Curvibacter	Curvibacter_gracilis_ATCC_BAA_807.xml
Cutibacterium	Cutibacterium_acnes_TypeIA2_P_acn17.xml
Dakarella	Dakarella_massiliensis_ND3.xml
Dechlorosoma	Dechlorosoma_suillum_PS.xml
Dehalobacterium	Dehalobacterium_formicoaceticum_DMC.xml
Delftia	Delftia_acidovorans_CCUG_15835.xml
Dermacoccus	Dermacoccus_nishinomiyaensis_DSM_20448.xml
Desulfitobacterium	Desulfitobacterium_hafniense_DP7.xml
Desulfomicrobium	Desulfomicrobium_orale_DSM_12838.xml
Desulfovibrio	Desulfovibrio_desulfuricans_subsp_desulfuricans_str_ATCC_27774.xml
Dialister	Dialister_succinatiphilus_YIT_11850.xml
Dielma	Dielma_fastidiosa_JC13.xml
Dietzia	Dietzia_cinnamea_P4.xml
Dolosigranulum	Dolosigranulum_pigrum_ATCC_51524.xml
Dorea	Dorea_longicatena_ERR1022383.xml
Dyadobacter	Dyadobacter_fermentans_DSM_18053.xml
Dysgonomonas	Dysgonomonas_mossii_DSM_22836.xml
Edwardsiella	Edwardsiella_tarda_EIB202.xml
Eggerthella	Eggerthella_lenta_11C.xml
Eggerthellaceae	Eggerthellaceae_bacterium_AT8.xml
Eggerthia	Eggerthia_catenaformis_OT_569.xml
Eikenella	Eikenella_corrodens_ATCC_23834.xml
Eisenbergiella	Eisenbergiella_tayi_ERR1022439.xml
Elusimicrobium	Elusimicrobium_minutum_Pei191.xml
Emergencia	Emergencia_timonensis_DSM_101844.xml
Enhydrobacter	Enhydrobacter_aerosaccus_ATCC_27094.xml
Enorma	Enorma_massiliensis_ERR1022365.xml
Enterobacter	Enterobacter_aerogenes_FGI35.xml
Enterobacteriaceae	Enterobacteriaceae_bacterium_9_2_54FAA.xml
Enterococcus	Enterococcus_cecorum_DSM_20682.xml
Enterorhabdus	Enterorhabdus_mucosicola_DSM_19490.xml
Eremococcus	Eremococcus_coleocola_ACS_139_V_Col8.xml
Erwinia	Erwinia_rhapontici_BIGb0435.xml
Erysipelatoclostridium	Erysipelatoclostridium_ramosum_ERR2221239.xml
Erysipelothrix	Erysipelothrix_rhusiopathiae_ATCC_19414.xml
Erysipelotrichaceae	Erysipelotrichaceae_nov_ERR171269.xml
Escherichia	Escherichia_coli_MP021552_7.xml
Ethanoligenens	Ethanoligenens_harbinense_YUAN_3.xml
Eubacterium	Eubacterium_eligens_ATCC_27750.xml
Ewingella	Ewingella_americana_BRK18a.xml
Exiguobacterium	Exiguobacterium_aurantiacum_DSM_6208.xml
Extibacter	Extibacter_muris_DSM_28560.xml
Facklamia	Facklamia_hominis_CCUG_36813.xml
Faecalibacterium	Faecalibacterium_prausnitzii_M21_2.xml
Faecalitalea	Faecalitalea_cylindroides_ATCC_27803.xml
Fenollaria	Fenollaria_timonensis_GD5.xml
Filifactor	Filifactor_alocis_ATCC_35896.xml
Finegoldia	Finegoldia_magna_ATCC_29328.xml
Flaviflexus	Flaviflexus_massiliensis_SIT4.xml
Flavobacterium	Flavobacterium_cucumis_DSM_18830.xml
Flavonifractor	Flavonifractor_plautii_ERR1022420.xml
Fournierella	Fournierella_massiliensis_DSM_100451.xml
Frisingicoccus	Frisingicoccus_caecimuris_DSM_28559.xml
Fructobacillus	Fructobacillus_tropaeoli_F214_1.xml
Fulvimarina	Fulvimarina_pelagi_HTCC2506.xml
Fusicatenibacter	Fusicatenibacter_saccharivorans_ERR1022437.xml
Fusobacterium	Fusobacterium_ulcerans_12_1B.xml
Gabonia	Gabonia_massiliensis_DSM_100571.xml
Gabonibacter	Gabonibacter_massiliensis_DSM_101039.xml
Gardnerella	Gardnerella_vaginalis_14019_MetR.xml
Gemella	Gemella_haemolysans_M341.xml
Gemmata	Gemmata_obscuriglobus_UQM_2246.xml
Gemmatimonas	Gemmatimonas_aurantiaca_T_27.xml
Gemmiger	Gemmiger_formicilis_ERR2221191.xml
Geobacillus	Geobacillus_vulcani_PSS1.xml
Gordonia	Gordonia_terrae_NBRC_100016.xml
Gordonibacter	Gordonibacter_pamelaeae_ERR2221155.xml
Gorillibacterium	Gorillibacterium_timonense_CSUR_P2011.xml
Gottschalkia	Gottschalkia_purinilyticum_DSM_1384.xml
Gracilibacillus	Gracilibacillus_timonensis_CSUR_P2481.xml
Granulicatella	Granulicatella_elegans_ATCC_700633.xml
Grimontia	Grimontia_hollisae_CIP_101886.xml
Guyana	Guyana_massiliensis_LF_3.xml
Haemophilus	Haemophilus_parainfluenzae_HK2019.xml
Hafnia	Hafnia_alvei_BIDMC_31.xml
Halococcus	Halococcus_morrhuae_DSM1307.xml
Halomonas	Halomonas_campaniensis_LS21.xml
Helicobacter	Helicobacter_bilis_WiWa.xml
Herbaspirillum	Herbaspirillum_huttiense_subsp_putei_IAM_15032.xml
Holdemania	Holdemania_massiliensis_AP2.xml
Hydrotalea	Hydrotalea_flava_isolate_2.xml
Intestinibacter	Intestinibacter_bartlettii_ERR1022418.xml
Intestinimonas	Intestinimonas_butyriciproducens_SRB_521_5_I.xml
Jeddahella	Jeddahella_massiliensis_OL_1.xml
Johnsonella	Johnsonella_ignava_ATCC_51276.xml
Jonquetella	Jonquetella_anthropi_E3_33_E1.xml
Kallipyga	Kallipyga_massiliensis_ph2.xml
Kandleria	Kandleria_vitulina_DSM_20405.xml
Kingella	Kingella_oralis_ATCC_51147.xml
Klebsiella	Klebsiella_pneumoniae_1162281.xml
Kluyvera	Kluyvera_ascorbata_ATCC_33433.xml
Kocuria	Kocuria_rhizophila_P7_4.xml
Kosakonia	Kosakonia_sacchari_SP1.xml
Kurthia	Kurthia_massiliensis_JC30.xml
Kytococcus	Kytococcus_sedentarius_DSM_20547.xml
Lachnoanaerobaculum	Lachnoanaerobaculum_orale_DSM_24553.xml
Lachnobacterium	Lachnobacterium_bovis_DSM_14045.xml
Lachnoclostridium	Lachnoclostridium_nov_ERR171281.xml
Lachnospira	Lachnospira_multipara_ATCC_19207.xml
Lachnospiraceae	Lachnospiraceae_bacterium_2_1_58FAA.xml
Lactobacillus	Lactobacillus_buchneri_NRRL_B_30929.xml
Lactococcus	Lactococcus_garvieae_8831.xml
Lactonifactor	Lactonifactor_longoviformis_DSM_17459.xml
Lagierella	Lagierella_massiliensis_CSUR_P2012.xml
Laribacter	Laribacter_hongkongensis_HLHK9.xml
Lascolabacillus	Lascolabacillus_massiliensis_DSM_100190.xml
Lautropia	Lautropia_mirabilis_ATCC_51599.xml
Leclercia	Leclercia_adecarboxylata_KY2.xml
Leminorella	Leminorella_grimontii_ATCC_33999.xml
Leptotrichia	Leptotrichia_buccalis_C_1013_b.xml
Leuconostoc	Leuconostoc_mesenteroides_subsp_mesenteroides_ATCC_8293.xml
Listeria	Listeria_monocytogenes_ATCC_19117.xml
Loktanella	Loktanella_vestfoldensis_SMR4r.xml
Longibaculum	Longibaculum_muris_DSM_29487.xml
Longicatena	Longicatena_caecimuris_DSM_29481.xml
Lysinibacillus	Lysinibacillus_fusiformis_ZC1.xml
Mageeibacillus	Mageeibacillus_indolicus_0009_5.xml
Marinospirillum	Marinospirillum_alkaliphilum_DSM_21637.xml
Marvinbryantia	Marvinbryantia_formatexigens_I_52_DSM_14469.xml
Massilibacterium	Massilibacterium_senegalense_DSM_100455.xml
Massilioclostridium	Massilioclostridium_coli_DSM_103344.xml
Mediterraneibacter	Mediterraneibacter_massiliensis_DSM_100837.xml
Megamonas	Megamonas_funiformis_YIT_11815.xml
Megasphaera	Megasphaera_elsdenii_DSM_20460.xml
Meiothermus	Meiothermus_silvanus_DSM_9946.xml
Melainabacterium	Melainabacterium_MEL_A1.xml
Merdibacter	Merdibacter_massiliensis_Marseille_P3254.xml
Mesorhizobium	Mesorhizobium_loti_MAFF303099.xml
Metakosakonia	Metakosakonia_massiliensis_JC163.xml
Methanobrevibacter	Methanobrevibacter_ruminantium_M1.xml
Methanomassiliicoccus	Methanomassiliicoccus_luminyensis_B10.xml
Methanosphaera	Methanosphaera_stadtmanae_DSM_3091.xml
Methylobacterium	Methylobacterium_mesophilicum_SR1_6_6.xml
Methyloversatilis	Methyloversatilis_universalis_EHg5.xml
Microbacterium	Microbacterium_paraoxydans_77MFTsu3_2.xml
Micrococcus	Micrococcus_luteus_SK58.xml
Micromonospora	Micromonospora_aurantiaca_ATCC_27029.xml
Microvirga	Microvirga_massiliensis_JC119.xml
Mitsuokella	Mitsuokella_jalaludinii_DSM_13811.xml
Mobilicoccus	Mobilicoccus_massiliensis_DSM_29065.xml
Mobiluncus	Mobiluncus_curtisii_subsp_holmesii_ATCC_35242.xml
Mogibacterium	Mogibacterium_timidum_ATCC_33093.xml
Moraxella	Moraxella_catarrhalis_7169.xml
Morganella	Morganella_morganii_SC01.xml
Mucispirillum	Mucispirillum_schaedleri_ASF457.xml
Murdochiella	Murdochiella_vaginalis_DSM_102237.xml
Muribaculum	Muribaculum_intestinale_YL27.xml
Muricomes	Muricomes_intestini_DSM_29489.xml
Murimonas	Murimonas_intestini_DSM_26524.xml
Mycobacterium	Mycobacterium_avium_subsp_paratuberculosis_S397.xml
Mycoplasma	Mycoplasma_hyopneumoniae_168_L.xml
Myroides	Myroides_odoratimimus_CIP_101113.xml
Natranaerovirga	Natranaerovirga_pectinivora_DSM_24629.xml
Neglecta	Neglecta_timonensis_DSM_102082.xml
Neisseria	Neisseria_mucosa_C102.xml
Neobacillus	Neobacillus_jeddahensis_DSM_28281.xml
Neofamilia	Neofamilia_massiliensis_DSM_100639.xml
Nesterenkonia	Nesterenkonia_massiliensis_NP1.xml
Nevskia	Nevskia_ramosa_DSM_11499.xml
Nigerium	Nigerium_massiliense_SIT5.xml
Nocardioides	Nocardioides_massiliensis_GD13.xml
Nosocomiicoccus	Nosocomiicoccus_massiliensis_NP2.xml
Noviherbaspirillum	Noviherbaspirillum_massiliense_JC206.xml
Novosphingobium	Novosphingobium_aromaticivorans_DSM_12444.xml
Numidum	Numidum_massiliense_mt3.xml
Obesumbacterium	Obesumbacterium_proteus_ATCC_12841.xml
Oceanobacillus	Oceanobacillus_picturae_strain_S1.xml
Ochrobactrum	Ochrobactrum_anthropi_CTS_325.xml
Odoribacter	Odoribacter_splanchnicus_1651_6_DSM_20712.xml
Olegusella	Olegusella_massiliensis_DSM_101849.xml
Oligella	Oligella_urethralis_DSM_7531.xml
Olsenella	Olsenella_profusa_F019501.xml
Oribacterium	Oribacterium_sinus_F0268.xml
Oscillibacter	Oscillibacter_ruminantium_GH1.xml
Oxalobacter	Oxalobacter_formigenes_OXCC13.xml
Paenibacillus	Paenibacillus_daejeonensis_DSM_15491.xml
Paeniclostridium	Paeniclostridium_sordellii_VPI_9048.xml
Paludibacter	Paludibacter_propionicigenes_WB4.xml
Pantoea	Pantoea_agglomerans_IG1.xml
Papillibacter	Papillibacter_cinnamivorans_DSM_12816.xml
Parabacteroides	Parabacteroides_distasonis_CL09T03C24.xml
Paraburkholderia	Paraburkholderia_sediminicola_LMG_24238.xml
Paraclostridium	Paraclostridium_bifermentans_MGYG_HGUT_00024.xml
Paracoccus	Paracoccus_yeei_ATCC_BAA_599.xml
Paraeggerthella	Paraeggerthella_hongkongensis_RC2_2.xml
Parapedobacter	Parapedobacter_koreensis_Jip14.xml
Paraprevotella	Paraprevotella_clara_YIT_11840.xml
Parascardovia	Parascardovia_denticolens_F0305.xml
Parasporobacterium	Parasporobacterium_paucivorans_DSM_15970.xml
Parasutterella	Parasutterella_excrementihominis_YIT_11859.xml
Parvibacter	Parvibacter_caecicola_NM48_B13.xml
Parvimonas	Parvimonas_micra_ATCC_33270.xml
Pasteurella	Pasteurella_caecimuris_NM44_TS2_9.xml
Pediococcus	Pediococcus_acidilactici_MA18_5M.xml
Pelomonas	Pelomonas_saccharophila_DSM_654.xml
Peptoniphilus	Peptoniphilus_lacrimalis_315_B.xml
Peptostreptococcus	Peptostreptococcus_anaerobius_653_L.xml
Phascolarctobacterium	Phascolarctobacterium_succinatutens_YIT_12067.xml
Phocaeicola	Phocaeicola_abscessus_CCUG_55929.xml
Photobacterium	Photobacterium_angustum_S14.xml
Photorhabdus	Photorhabdus_luminescens_NBAII_H75HRPL105.xml
Pirellula	Pirellula_staleyi_DSM_6068.xml
Planococcus	Planococcus_massiliensis_DSM_28915.xml
Plesiomonas	Plesiomonas_shigelloides_302_73.xml
Polynesia	Polynesia_massiliensis_MS3.xml
Porphyromonadaceae	Porphyromonadaceae_nov_ERR2221365.xml
Porphyromonas	Porphyromonas_gingivalis_TDC60.xml
Prevotella	Prevotella_ruminicola_23.xml
Prevotellaceae	Prevotellaceae_bacterium_Marseille_P2826.xml
Propionibacterium	Propionibacterium_avidum_ATCC_25577.xml
Proteiniphilum	Proteiniphilum_acetatigenes_DSM_18083.xml
Proteus	Proteus_mirabilis_WGLW6.xml
Providencia	Providencia_rettgeri_Dmel1.xml
Pseudoalteromonas	Pseudoalteromonas_arctica_A_37_1_2.xml
Pseudobutyrivibrio	Pseudobutyrivibrio_ruminis_AD2017.xml
Pseudoflavonifractor	Pseudoflavonifractor_capillosus_ERR1022447.xml
Pseudoglutamicibacter	Pseudoglutamicibacter_albus_DNF00011.xml
Pseudomonas	Pseudomonas_aeruginosa_PA7.xml
Pseudoramibacter	Pseudoramibacter_alactolyticus_ATCC_23263.xml
Pseudoxanthomonas	Pseudoxanthomonas_mexicana_CCH9_G4.xml
Pyramidobacter	Pyramidobacter_piscolens_W5455.xml
Rahnella	Rahnella_aquatilis_CIP_78_65_ATCC_33071.xml
Ralstonia	Ralstonia_pickettii_12J.xml
Raoultella	Raoultella_planticola_ATCC_33531.xml
Reyranella	Reyranella_soli_NBRC_108950.xml
Rhizobium	Rhizobium_leguminosarum_bv_viciae_WSM1481.xml
Rhodococcus	Rhodococcus_equi_103S.xml
Rickettsiella	Rickettsiella_grylli.xml
Rikenella	Rikenella_microfusus_DSM_15922.xml
Rikenellaceae	Rikenellaceae_nov_ERR2221110.xml
Risungbinella	Risungbinella_massiliensis_GD1.xml
Robinsoniella	Robinsoniella_peoriensis_WT.xml
Rodentibacter	Rodentibacter_pneumotropicus_DSM_21403.xml
Romboutsia	Romboutsia_nov_ERR1022375.xml
Roseburia	Roseburia_intestinalis_XB6B4.xml
Roseomonas	Roseomonas_mucosa_ATCC_BAA_692.xml
Rothia	Rothia_dentocariosa_M567.xml
Rubeoparvulum	Rubeoparvulum_massiliense_DSM_100479.xml
Rubrobacter	Rubrobacter_xylanophilus_DSM_9941.xml
Rudanella	Rudanella_lutea_DSM_19387.xml
Ruminiclostridium	Ruminiclostridium_nov_ERR1022441.xml
Ruminococcaceae	Ruminococcaceae_nov_ERR1022313.xml
Ruminococcus	Ruminococcus_albus_8.xml
Ruthenibacterium	Ruthenibacterium_lactatiformans_585_1.xml
Salinibacterium	Salinibacterium_amurskyense_DSM_16400.xml
Salmonella	Salmonella_enterica_subsp_enterica_serovar_Montevideo_str_SARB31.xml
Sarcina	Sarcina_nov_ERR1022421.xml
Scardovia	Scardovia_inopinata_F0304.xml
Schaalia	Schaalia_hyovaginalis_BSM_389_WT_23D.xml
Schlesneria	Schlesneria_paludicola_DSM_18645.xml
Schwartzia	Schwartzia_succinivorans_DSM_10502.xml
Sediminibacterium	Sediminibacterium_salmoneum_NBRC_103935.xml
Selenomonas	Selenomonas_ruminantium_AC2024.xml
Sellimonas	Sellimonas_intestinalis_BR72.xml
Senegalimassilia	Senegalimassilia_anaerobia_JC110.xml
Serratia	Serratia_marcescens_subsp_marcescens_Db11.xml
Shewanella	Shewanella_halifaxensis_HAW_EB4.xml
Shigella	Shigella_sonnei_Ss046.xml
Shuttleworthia	Shuttleworthia_satelles_DSM_14600.xml
Silanimonas	Silanimonas_lenta_DSM_16282.xml
Sinobacterium	Sinobacterium_caligoides_DSM_100316.xml
Slackia	Slackia_piriformis_YIT_12062.xml
Sneathia	Sneathia_amnii_SN35.xml
Solobacterium	Solobacterium_moorei_DSM_22971.xml
Sphingobium	Sphingobium_amiense_NBRC_102518.xml
Sphingomonas	Sphingomonas_paucimobilis_HER1398.xml
Sphingosinicella	Sphingosinicella_microcystinivorans_DSM_19791.xml
Spiroplasma	Spiroplasma_culicicola_AES_1.xml
Spirosoma	Spirosoma_linguale_DSM_74.xml
Sporobacter	Sporobacter_termitidis_DSM_10068.xml
Staphylococcus	Staphylococcus_warneri_L37603.xml
Stenotrophomonas	Stenotrophomonas_maltophilia_K279a.xml
Stomatobaculum	Stomatobaculum_longum_ACC2.xml
Stoquefichus	Stoquefichus_massiliensis_AP9.xml
Streptococcus	Streptococcus_agalactiae_CCUG_25532.xml
Streptomyces	Streptomyces_massiliensis_AP10.xml
Subdoligranulum	Subdoligranulum_variabile_DSM_15176.xml
Succinatimonas	Succinatimonas_hippei_YIT_12066.xml
Succiniclasticum	Succiniclasticum_ruminis_DSM_11005.xml
Succinivibrio	Succinivibrio_dextrinosolvens_H5.xml
Sulfolobus	Sulfolobus_solfataricus_P2.xml
Sutterella	Sutterella_wadsworthensis_HGA0223.xml
Synergistes	Synergistes_jonesii_78_1.xml
Syntrophus	Syntrophus_aciditrophicus_SB.xml
Tannerella	Tannerella_forsythia_ATCC_43037.xml
Tatumella	Tatumella_ptyseos_ATCC_33301.xml
Terrisporobacter	Terrisporobacter_glycolicus_ERR2221120.xml
Tessaracoccus	Tessaracoccus_massiliensis_SIT6.xml
Tetragenococcus	Tetragenococcus_koreensis_NBRC_106072.xml
Thalassobacillus	Thalassobacillus_massiliensis_TM_1.xml
Thermoanaerobacter	Thermoanaerobacter_pseudethanolicus_ATCC_33223.xml
Thermus	Thermus_scotoductus_SA_01.xml
Timonella	Timonella_senegalensis_JC301.xml
Trabulsiella	Trabulsiella_guamensis_ATCC_49490.xml
Treponema	Treponema_succinifaciens_DSM_2489.xml
Tropheryma	Tropheryma_whipplei_TW08_27.xml
Trueperella	Trueperella_pyogenes_MS249.xml
Turicibacter	Turicibacter_sanguinis_ERR1022323.xml
Turicimonas	Turicimonas_muris_YL45.xml
Tyzzerella	Tyzzerella_nov_ERR171258.xml
Ureaplasma	Ureaplasma_urealyticum_serovar_5_str_ATCC_27817.xml
Ureibacillus	Ureibacillus_thermosphaericus_str_Thermo_BF.xml
Vagococcus	Vagococcus_fluvialis_bH819.xml
Vallitalea	Vallitalea_guaymasensis_L81.xml
Varibaculum	Varibaculum_cambriense_DSM_15806.xml
Variovorax	Variovorax_paradoxus_H108.xml
Veillonella	Veillonella_parvula_ATCC_17745.xml
Veillonellaceae	Veillonellaceae_nov_ERR2221308.xml
Vibrio	Vibrio_parahaemolyticus_SNUVpS_1.xml
Victivallis	Victivallis_vadensis_DSM_14823.xml
Virgibacillus	Virgibacillus_massiliensis_MGYG_HGUT_01470.xml
Vitreoscilla	Vitreoscilla_massiliensis_CSUR_P2036.xml
Weissella	Weissella_cibaria_KACC_11862.xml
Xanthomonas	Xanthomonas_massiliensis_CSUR_P2129.xml
Yersinia	Yersinia_enterocolitica_subsp_palearctica_Y11.xml
Yokenella	Yokenella_regensburgei_ATCC_43003.xml
Segatella	Prevotella_copri_CB7_DSM_18205.xml
Prevotella	Prevotella_intermedia_ATCC_25611
Agathobacter	Eubacterium_rectale_ATCC_33656.xml
Eubacterium 	Eubacterium_ventriosum_ATCC_27560.xml
Enterocloster	Clostridium_bolteae_ATCC_BAA_613.xml
Clostridium	Clostridium_beijerinckii_G117.xml
Anaerobutyricum	Eubacterium_hallii_L2_7.xml
Wujia	Lachnospiraceae_bacterium_2_1_58FAA.xml
Lawsonibacter	Pseudoflavonifractor_capillosus_ERR1022447.xml
Eshraghiella	Butyrivibrio_crossotus_DSM_2876.xml
Hungatella	Clostridium_hathewayi_12489931.xml
Pusillibacter	Oscillibacter_ruminantium_GH1.xml
Faecalibacillus	Coprobacillus_sp_8_2_54BFAA.xml
Thomasclavelia	Coprobacillus_sp_8_2_54BFAA.xml
Agathobaculum	Eubacterium_desmolans_ATCC_43058.xml
Lacrimispora	Clostridium_sphenoides_JCM_1415.xml
Hoylesella	Prevotella_enoeca_JCM_12259.xml
Duodenibacillus	Duodenibacillus_massiliensis_DSM_29927.xml
Dysosmobacter	Faecalibacterium_prausnitzii_A2_165.xml
Faecalimonas	Lachnospiraceae_bacterium_2_1_58FAA.xml
Monoglobus	Roseburia_intestinalis_XB6B4.xml
Otoolea	Blautia_wexlerae_AGR2146.xml
Simiaoa	Roseburia_intestinalis_XB6B4.xml
Vescimonas	Blautia_wexlerae_AGR2146.xml
