G01.cellular_anatomical_entity	G01.GO_0005575.cellular_component
G01.protein_containing_complex	G01.GO_0005575.cellular_component
G01.virion_component	G01.GO_0005575.cellular_component
G02.catalytic_complex	G02.GO_0032991.protein_containing_complex
G02.ribonucleoprotein_complex	G02.GO_0032991.protein_containing_complex
G02.membrane_protein_complex	G02.GO_0032991.protein_containing_complex
G02.intracellular_protein_containing_complex	G02.GO_0032991.protein_containing_complex
G02.protein_DNA_complex	G02.GO_0032991.protein_containing_complex
G02.transporter_complex	G02.GO_0032991.protein_containing_complex
G02.DNA_repair_complex	G02.GO_0032991.protein_containing_complex
G02.type_VI_protein_secretion_system_complex	G02.GO_0032991.protein_containing_complex
G02.DNA_packaging_complex	G02.GO_0032991.protein_containing_complex
G02.molybdopterin_synthase_complex	G02.GO_0032991.protein_containing_complex
G02.fatty_acid_synthase_complex	G02.GO_0032991.protein_containing_complex
G02.transcription_regulator_complex	G02.GO_0032991.protein_containing_complex
G02.tricarboxylic_acid_cycle_enzyme_complex	G02.GO_0032991.protein_containing_complex
G02.type_II_protein_secretion_system_complex	G02.GO_0032991.protein_containing_complex
G02.cytochrome_complex	G02.GO_0032991.protein_containing_complex
G02.protein_containing_complex	G02.GO_0032991.protein_containing_complex
G02.type_III_protein_secretion_system_complex	G02.GO_0032991.protein_containing_complex
G02.fatty_acid_beta_oxidation_multienzyme_complex	G02.GO_0032991.protein_containing_complex
G02.collagen_trimer	G02.GO_0032991.protein_containing_complex
G02.proteasome_core_complex	G02.GO_0032991.protein_containing_complex
G02.Arp2_3_protein_complex	G02.GO_0032991.protein_containing_complex
G02.myosin_complex	G02.GO_0032991.protein_containing_complex
G02.nuclear_protein_containing_complex	G02.GO_0032991.protein_containing_complex
G02.type_IV_secretion_system_complex	G02.GO_0032991.protein_containing_complex
G02.type_I_protein_secretion_system_complex	G02.GO_0032991.protein_containing_complex
G02.Rare	G02.GO_0032991.protein_containing_complex
G03.virus_tail__fiber	G03.GO_0044423.virion_component
G03.viral_capsid	G03.GO_0044423.virion_component
G03.virion_component	G03.GO_0044423.virion_component
G03.virus_tail__sheath	G03.GO_0044423.virion_component
G03.virus_tail__baseplate	G03.GO_0044423.virion_component
G03.virus_tail	G03.GO_0044423.virion_component
G03.viral_capsid__decoration	G03.GO_0044423.virion_component
G03.viral_nucleocapsid	G03.GO_0044423.virion_component
G03.viral_membrane	G03.GO_0044423.virion_component
G03.virus_tail__tube	G03.GO_0044423.virion_component
G03.viral_procapsid	G03.GO_0044423.virion_component
G03.viral_tegument	G03.GO_0044423.virion_component
G03.capsomere	G03.GO_0044423.virion_component
G03.virion_membrane	G03.GO_0044423.virion_component
G04.intrinsic_component_of_membrane	G04.GO_0110165.cellular_anatomical_entity
G04.cytoplasm	G04.GO_0110165.cellular_anatomical_entity
G04.membrane	G04.GO_0110165.cellular_anatomical_entity
G04.organelle	G04.GO_0110165.cellular_anatomical_entity
G04.periplasmic_space	G04.GO_0110165.cellular_anatomical_entity
G04.extracellular_region	G04.GO_0110165.cellular_anatomical_entity
G04.cellular_anatomical_entity	G04.GO_0110165.cellular_anatomical_entity
G04.cell_projection	G04.GO_0110165.cellular_anatomical_entity
G04.cytosol	G04.GO_0110165.cellular_anatomical_entity
G04.extracellular_space	G04.GO_0110165.cellular_anatomical_entity
G04.cell_division_site	G04.GO_0110165.cellular_anatomical_entity
G04.cell_surface	G04.GO_0110165.cellular_anatomical_entity
G04.bacterial_type_flagellum_basal_body	G04.GO_0110165.cellular_anatomical_entity
G04.nucleoid	G04.GO_0110165.cellular_anatomical_entity
G04.host_cellular_component	G04.GO_0110165.cellular_anatomical_entity
G04.external_encapsulating_structure	G04.GO_0110165.cellular_anatomical_entity
G04.side_of_membrane	G04.GO_0110165.cellular_anatomical_entity
G04.bacterial_type_flagellum_hook	G04.GO_0110165.cellular_anatomical_entity
G04.intracellular_anatomical_structure	G04.GO_0110165.cellular_anatomical_entity
G04.bacterial_type_flagellum_filament_cap	G04.GO_0110165.cellular_anatomical_entity
G04.extrinsic_component_of_membrane	G04.GO_0110165.cellular_anatomical_entity
G04.bacterial_type_flagellum_basal_body__rod	G04.GO_0110165.cellular_anatomical_entity
G04.membrane_enclosed_lumen	G04.GO_0110165.cellular_anatomical_entity
G04.microtubule_organizing_center	G04.GO_0110165.cellular_anatomical_entity
G04.supramolecular_complex	G04.GO_0110165.cellular_anatomical_entity
G04.Rare	G04.GO_0110165.cellular_anatomical_entity
