Name	Model
Bacteroides	Bacteroides_ovatus_CL02T12C04.xml
Phocaeicola	Phocaeicola_abscessus_CCUG_55929.xml
Escherichia	Escherichia_coli_MP021552_7.xml
Parabacteroides	Parabacteroides_distasonis_CL09T03C24.xml
Megasphaera	Megasphaera_elsdenii_DSM_20460.xml
Bifidobacterium	Bifidobacterium_dentium_ATCC_27679.xml
Staphylococcus	Staphylococcus_warneri_L37603.xml
Acidaminococcus	Acidaminococcus_fermentans_DSM_20731.xml
Mediterraneibacter	Mediterraneibacter_massiliensis_DSM_100837.xml
Agathobacter	Eubacterium_rectale_ATCC_33656.xml
Enterocloster	Clostridium_bolteae_ATCC_BAA_613.xml
Alistipes	Alistipes_shahii_WAL_8301.xml
Vescimonas	Blautia_wexlerae_AGR2146.xml
Salmonella	Salmonella_enterica_subsp_enterica_serovar_Montevideo_str_SARB31.xml
Faecalibacterium	Faecalibacterium_prausnitzii_M21_2.xml
Collinsella	Collinsella_tanakaei_YIT_12063.xml
Blautia	Blautia_torques_ERR1022404.xml
Butyricimonas	Butyricimonas_synergistica_DSM_23225.xml
Segatella	Prevotella_copri_CB7_DSM_18205.xml
Subdoligranulum	Subdoligranulum_variabile_DSM_15176.xml
Pseudomonas	Pseudomonas_aeruginosa_PA7.xml
Klebsiella	Klebsiella_pneumoniae_1162281.xml
Intestinimonas	Intestinimonas_butyriciproducens_SRB_521_5_I.xml
Oscillibacter	Oscillibacter_ruminantium_GH1.xml
Ralstonia	Ralstonia_pickettii_12J.xml
Phascolarctobacterium	Phascolarctobacterium_succinatutens_YIT_12067.xml
Dysosmobacter	Faecalibacterium_prausnitzii_A2_165.xml
Otoolea	Blautia_wexlerae_AGR2146.xml
Flavonifractor	Flavonifractor_plautii_ERR1022420.xml
Streptococcus	Streptococcus_agalactiae_CCUG_25532.xml
Odoribacter	Odoribacter_splanchnicus_1651_6_DSM_20712.xml
Prevotella	Prevotella_intermedia_ATCC_25611
Wujia	Lachnospiraceae_bacterium_2_1_58FAA.xml
Helicobacter	Helicobacter_bilis_WiWa.xml
Roseburia	Roseburia_intestinalis_XB6B4.xml
Dorea	Dorea_longicatena_ERR1022383.xml
Catenibacterium	Catenibacterium_mitsuokai_ERR1022284.xml
Ruminococcus	Ruminococcus_albus_8.xml
Lachnospira	Lachnospira_multipara_ATCC_19207.xml
Bartonella	Bartonella_quintana_RM_11.xml
Streptomyces	Streptomyces_massiliensis_AP10.xml
Barnesiella	Barnesiella_intestinihominis_YIT_11860.xml
Akkermansia	Akkermansia_muciniphila_YL44.xml
Eshraghiella	Butyrivibrio_crossotus_DSM_2876.xml
Coprococcus	Coprococcus_catus_GD_7.xml
Corynebacterium	Corynebacterium_glucuronolyticum_ATCC_51866.xml
Paraprevotella	Paraprevotella_clara_YIT_11840.xml
Sutterella	Sutterella_wadsworthensis_HGA0223.xml
Megamonas	Megamonas_funiformis_YIT_11815.xml
Simiaoa	Roseburia_intestinalis_XB6B4.xml
Anaerostipes	Anaerostipes_hadrus_ERR1022376.xml
Desulfovibrio	Desulfovibrio_desulfuricans_subsp_desulfuricans_str_ATCC_27774.xml
Faecalibacillus	Coprobacillus_sp_8_2_54BFAA.xml
Fusobacterium	Fusobacterium_ulcerans_12_1B.xml
Thomasclavelia	Coprobacillus_sp_8_2_54BFAA.xml
Veillonella	Veillonella_parvula_ATCC_17745.xml
Clostridium	Clostridium_beijerinckii_G117.xml
Ruthenibacterium	Ruthenibacterium_lactatiformans_585_1.xml
Anaerobutyricum	Eubacterium_hallii_L2_7.xml
Hungatella	Clostridium_hathewayi_12489931.xml
Curtobacterium	Curtobacterium_flaccumfaciens_UCD_AKU.xml
Faecalimonas	Lachnospiraceae_bacterium_2_1_58FAA.xml
Lawsonibacter	Pseudoflavonifractor_capillosus_ERR1022447.xml
Eisenbergiella	Eisenbergiella_tayi_ERR1022439.xml
Dialister	Dialister_succinatiphilus_YIT_11850.xml
Bradyrhizobium	Bradyrhizobium_elkanii_USDA_76.xml
Eubacterium	Eubacterium_ventriosum_ATCC_27560.xml
Bilophila	Bilophila_wadsworthia_3_1_6.xml
Selenomonas	Selenomonas_ruminantium_AC2024.xml
Paracoccus	Paracoccus_yeei_ATCC_BAA_599.xml
Succinivibrio	Succinivibrio_dextrinosolvens_H5.xml
Enterobacter	Enterobacter_aerogenes_FGI35.xml
