Name	Model
Bacteroides	Bacteroides_ovatus_CL02T12C04.xml
Phocaeicola	Phocaeicola_abscessus_CCUG_55929.xml
Escherichia	Escherichia_coli_MP021552_7.xml
Parabacteroides	Parabacteroides_distasonis_CL09T03C24.xml
Megasphaera	Megasphaera_elsdenii_DSM_20460.xml
Bifidobacterium	Bifidobacterium_dentium_ATCC_27679.xml
Staphylococcus	Staphylococcus_warneri_L37603.xml
Acidaminococcus	Acidaminococcus_fermentans_DSM_20731.xml
Mediterraneibacter	Mediterraneibacter_massiliensis_DSM_100837.xml
Agathobacter	Eubacterium_rectale_ATCC_33656.xml
Enterocloster	Clostridium_bolteae_ATCC_BAA_613.xml
Prevotella	Prevotella_intermedia_ATCC_25611
Oscillibacter	Oscillibacter_ruminantium_GH1.xml
Alistipes	Alistipes_shahii_WAL_8301.xml
Salmonella	Salmonella_enterica_subsp_enterica_serovar_Montevideo_str_SARB31.xml
Blautia	Blautia_torques_ERR1022404.xml
Collinsella	Collinsella_tanakaei_YIT_12063.xml
Dysosmobacter	Faecalibacterium_prausnitzii_A2_165.xml
Ruthenibacterium	Ruthenibacterium_lactatiformans_585_1.xml
Flavonifractor	Flavonifractor_plautii_ERR1022420.xml
Bilophila	Bilophila_wadsworthia_3_1_6.xml
Streptococcus	Streptococcus_agalactiae_CCUG_25532.xml
Klebsiella	Klebsiella_pneumoniae_1162281.xml
Eisenbergiella	Eisenbergiella_tayi_ERR1022439.xml
Sellimonas	Sellimonas_intestinalis_BR72.xml
Hungatella	Clostridium_hathewayi_12489931.xml
Vescimonas	Blautia_wexlerae_AGR2146.xml
Faecalibacterium	Faecalibacterium_prausnitzii_M21_2.xml
Butyricimonas	Butyricimonas_synergistica_DSM_23225.xml
Segatella	Prevotella_copri_CB7_DSM_18205.xml
Subdoligranulum	Subdoligranulum_variabile_DSM_15176.xml
Streptomyces	Streptomyces_massiliensis_AP10.xml
Monoglobus	Roseburia_intestinalis_XB6B4.xml
Dialister	Dialister_succinatiphilus_YIT_11850.xml
Odoribacter	Odoribacter_splanchnicus_1651_6_DSM_20712.xml
Clostridium	Clostridium_beijerinckii_G117.xml
Intestinimonas	Intestinimonas_butyriciproducens_SRB_521_5_I.xml
Ruminococcus	Ruminococcus_albus_8.xml
Coprococcus	Coprococcus_catus_GD_7.xml
Dorea	Dorea_longicatena_ERR1022383.xml
Pseudomonas	Pseudomonas_aeruginosa_PA7.xml
Lawsonibacter	Pseudoflavonifractor_capillosus_ERR1022447.xml
Lachnoclostridium	Lachnoclostridium_nov_ERR171281.xml
Agathobaculum	Eubacterium_desmolans_ATCC_43058.xml
Roseburia	Roseburia_intestinalis_XB6B4.xml
Simiaoa	Roseburia_intestinalis_XB6B4.xml
Enterococcus	Enterococcus_cecorum_DSM_20682.xml
Paenibacillus	Paenibacillus_daejeonensis_DSM_15491.xml
Pseudoflavonifractor	Pseudoflavonifractor_capillosus_ERR1022447.xml
Flintibacter	NA
Pusillibacter	Oscillibacter_ruminantium_GH1.xml
Mycobacterium	Mycobacterium_avium_subsp_paratuberculosis_S397.xml
Porphyromonas	Porphyromonas_gingivalis_TDC60.xml
Burkholderia	Burkholderia_cenocepacia_J2315.xml
Eggerthella	Eggerthella_lenta_11C.xml
Anaerobutyricum	Eubacterium_hallii_L2_7.xml
Owariibacterium	NA
Hoylesella	Prevotella_enoeca_JCM_12259.xml
Selenomonas	Selenomonas_ruminantium_AC2024.xml
Eubacterium	Eubacterium_ventriosum_ATCC_27560.xml
Anaerotruncus	Anaerotruncus_colihominis_ERR1022453.xml
Paracoccus	Paracoccus_yeei_ATCC_BAA_599.xml
Xanthobacter	NA
Otoolea	Blautia_wexlerae_AGR2146.xml
Clostridioides	Clostridioides_difficile_ATCC_9689.xml
Xanthomonas	Xanthomonas_massiliensis_CSUR_P2129.xml
Bradyrhizobium	Bradyrhizobium_elkanii_USDA_76.xml
Duodenibacillus	Duodenibacillus_massiliensis_DSM_29927.xml
Triticum	NA
Micromonospora	Micromonospora_aurantiaca_ATCC_27029.xml
Cryptomeria	NA
Emergencia	Emergencia_timonensis_DSM_101844.xml
Corynebacterium	Corynebacterium_glucuronolyticum_ATCC_51866.xml
Microbacterium	Microbacterium_paraoxydans_77MFTsu3_2.xml
Christensenella	Christensenella_minuta_DSM_22607.xml
Lacrimispora	Clostridium_sphenoides_JCM_1415.xml
Bartonella	Bartonella_quintana_RM_11.xml
Solanum	NA
Desulfovibrio	Desulfovibrio_desulfuricans_subsp_desulfuricans_str_ATCC_27774.xml
Caproicibacterium	NA
Enterobacter	Enterobacter_aerogenes_FGI35.xml
Longicatena	Longicatena_caecimuris_DSM_29481.xml
Amycolatopsis	NA
Mycolicibacterium	NA
Sphingomonas	Sphingomonas_paucimobilis_HER1398.xml
Nocardia	NA
Bacillus	Bacillus_cereus_BAG3X2_1.xml
Nocardioides	Nocardioides_massiliensis_GD13.xml
Butyricicoccus	Butyricicoccus_pullicaecorum_1_2.xml
Aristaeella	NA
Flavobacterium	Flavobacterium_cucumis_DSM_18830.xml
Gordonibacter	Gordonibacter_pamelaeae_ERR2221155.xml
Arthrobacter	Arthrobacter_castelli_DSM_16402.xml
Paraprevotella	Paraprevotella_clara_YIT_11840.xml
Mesorhizobium	Mesorhizobium_loti_MAFF303099.xml
Aeromonas	Aeromonas_dhakensis_277.xml
Parolsenella	NA
Shigella	Shigella_sonnei_Ss046.xml
Nicotiana	NA
Thermophilibacter	NA
Cupriavidus	Cupriavidus_metallidurans_CH34.xml
Faecalibacillus	Coprobacillus_sp_8_2_54BFAA.xml
Gossypium	NA
Barnesiella	Barnesiella_intestinihominis_YIT_11860.xml
Rhizobium	Rhizobium_leguminosarum_bv_viciae_WSM1481.xml
Hymenobacter	NA
Kitasatospora	NA
Treponema	Treponema_succinifaciens_DSM_2489.xml
Caproicibacter	NA
Variovorax	Variovorax_paradoxus_H108.xml
Curtobacterium	Curtobacterium_flaccumfaciens_UCD_AKU.xml
Caproiciproducens	NA
Chordicoccus	NA
Solibaculum	NA
Capsicum	NA
Olsenella	Olsenella_profusa_F019501.xml
Acutalibacter	Acutalibacter_muris_KB18.xml
Thomasclavelia	Coprobacillus_sp_8_2_54BFAA.xml
Arachis	NA
Agrobacterium	Agrobacterium_tumefaciens_F2.xml
Deinococcus	NA
Amedibacillus	NA
Rhodococcus	Rhodococcus_equi_103S.xml
Anaerostipes	Anaerostipes_hadrus_ERR1022376.xml
Pseudoprevotella	NA
Wansuia	NA
Vibrio	Vibrio_parahaemolyticus_SNUVpS_1.xml
Actinomyces	Actinomyces_odontolyticus_F0309.xml
Paraburkholderia	Paraburkholderia_sediminicola_LMG_24238.xml
Lycium	NA
Phascolarctobacterium	Phascolarctobacterium_succinatutens_YIT_12067.xml
Brevibacillus	Brevibacillus_brevis_FJAT_0809_GLX.xml
Serratia	Serratia_marcescens_subsp_marcescens_Db11.xml
Eshraghiella	Butyrivibrio_crossotus_DSM_2876.xml
Methylobacterium	Methylobacterium_mesophilicum_SR1_6_6.xml
Pseudodesulfovibrio	NA
Intestinibacillus	NA
Actinoplanes	NA
Pseudoalteromonas	Pseudoalteromonas_arctica_A_37_1_2.xml
Aegilops	NA
Stenotrophomonas	Stenotrophomonas_maltophilia_K279a.xml
Brevundimonas	Brevundimonas_diminuta_470_4.xml
Ethanoligenens	Ethanoligenens_harbinense_YUAN_3.xml
Shewanella	Shewanella_halifaxensis_HAW_EB4.xml
Sphingobium	Sphingobium_amiense_NBRC_102518.xml
Adlercreutzia	Adlercreutzia_muris_DSM_29508.xml
Bengtsoniella	NA
Slackia	Slackia_piriformis_YIT_12062.xml
Salvia	NA
Azospirillum	NA
Cucumis	NA
Dactylosporangium	NA
Hordeum	NA
Cellulomonas	Cellulomonas_timonensis_DSM_100699.xml
Lactobacillus	Lactobacillus_buchneri_NRRL_B_30929.xml
Marvinbryantia	Marvinbryantia_formatexigens_I_52_DSM_14469.xml
Haemophilus	Haemophilus_parainfluenzae_HK2019.xml
Lolium	NA
Massilia	NA
Achromobacter	Achromobacter_xylosoxidans_A8.xml
Halomonas	Halomonas_campaniensis_LS21.xml
Amedibacterium	NA
Gordonia	Gordonia_terrae_NBRC_100016.xml
Phaseolus	NA
Catenibacterium	Catenibacterium_mitsuokai_ERR1022284.xml
Novosphingobium	Novosphingobium_aromaticivorans_DSM_12444.xml
Vigna	NA
Holdemania	Holdemania_massiliensis_AP2.xml
Humulus	NA
Rickettsia	NA
Citrobacter	Citrobacter_youngae_ATCC_29220.xml
Acinetobacter	Acinetobacter_pittii_D499.xml
Coffea	NA
Nonomuraea	NA
Ziziphus	NA
Kribbella	NA
Devosia	NA
Pantoea	Pantoea_agglomerans_IG1.xml
Dictyostelium	NA
Campylobacter	Campylobacter_coli_2685.xml
Apium	NA
Thioalkalivibrio	NA
Primulina	NA
Anaerocolumna	NA
Elaeis	NA
Lactuca	NA
Claveliimonas	NA
Vicia	NA
Actinomadura	NA
Candidatus Carsonella	NA
Chryseobacterium	NA
Pisum	NA
Rutidosis	NA
Synechococcus	NA
Mucilaginibacter	NA
Xylanibacter	NA
Comamonas	Comamonas_testosteroni_CNB_2.xml
Pyramidobacter	Pyramidobacter_piscolens_W5455.xml
Agromyces	NA
Arabiibacter	NA
Macadamia	NA
Papaver	NA
Glycine	NA
Helianthus	NA
Panicum	NA
Acidovorax	Acidovorax_caeni_R_24608.xml
Duncaniella	NA
Sinorhizobium	NA
Miscanthus	NA
Zingiber	NA
Muribaculum	Muribaculum_intestinale_YL27.xml
Silene	NA
Spinacia	NA
Pseudonocardia	NA
Roseateles	NA
Bordetella	Bordetella_hinzii_OH87_BAL007II.xml
Brucella	NA
Ralstonia	Ralstonia_pickettii_12J.xml
Cloacibacillus	Cloacibacillus_evryensis_DSM_19522.xml
Methanomassiliicoccus	Methanomassiliicoccus_luminyensis_B10.xml
Lachnospira	Lachnospira_multipara_ATCC_19207.xml
Methanobrevibacter	Methanobrevibacter_ruminantium_M1.xml
Coprobacter	Coprobacter_fastidiosus_NSB1.xml
Ihubacter	NA
Sodaliphilus	NA
Akkermansia	Akkermansia_muciniphila_YL44.xml
Paramuribaculum	NA
Turicimonas	Turicimonas_muris_YL45.xml
Sutterella	Sutterella_wadsworthensis_HGA0223.xml
Veillonella	Veillonella_parvula_ATCC_17745.xml
Wujia	Lachnospiraceae_bacterium_2_1_58FAA.xml
Yersinia	Yersinia_enterocolitica_subsp_palearctica_Y11.xml
Helicobacter	Helicobacter_bilis_WiWa.xml
Fusobacterium	Fusobacterium_ulcerans_12_1B.xml
Schaalia	Schaalia_hyovaginalis_BSM_389_WT_23D.xml
Candidatus Nanosynbacter	NA
Stomatobaculum	Stomatobaculum_longum_ACC2.xml
Oxalobacter	Oxalobacter_formigenes_OXCC13.xml
Actinidia	NA
Daejeonia	NA
Phragmites	NA
Juglans	NA
Oceanobacillus	Oceanobacillus_picturae_strain_S1.xml
Brachyspira	Brachyspira_pilosicoli_WesB.xml
Methanomethylophilus	NA
Sneathia	Sneathia_amnii_SN35.xml
Butyrivibrio	Butyrivibrio_fibrisolvens_16_4.xml
Sulfolobus	Sulfolobus_solfataricus_P2.xml
Fenollaria	Fenollaria_timonensis_GD5.xml
Acidihalobacter	NA
Fannyhessea	NA
Malacoplasma	NA
Parafannyhessea	NA
Mycobacteroides	NA
Brassica	NA
Populus	NA
Mailhella	NA
Lactococcus	Lactococcus_garvieae_8831.xml
Neisseria	Neisseria_mucosa_C102.xml
Quercus	NA
Gardnerella	Gardnerella_vaginalis_14019_MetR.xml
Sphaerochaeta	NA
Chitinophaga	NA
Lactiplantibacillus	NA
Magnolia	NA
Malania	NA
Sphingobacterium	NA
Musa	NA
Komagataeibacter	NA
Olea	NA
Elusimicrobium	Elusimicrobium_minutum_Pei191.xml
Pedobacter	NA
Aminipila	NA
Petrimonas	NA
Lysobacter	NA
Oryza	NA
Zea	NA
Kineothrix	NA
Stutzerimonas	NA
Tannerella	Tannerella_forsythia_ATCC_43037.xml
Hydrogenophaga	NA
Caulobacter	NA
Hevea	NA
Lupinus	NA
Marinobacter	NA
Brevibacterium	Brevibacterium_casei_S18.xml
Sporomusa	NA
Sphingopyxis	NA
Pseudoduganella	NA
Spirosoma	Spirosoma_linguale_DSM_74.xml
Peptoniphilus	Peptoniphilus_lacrimalis_315_B.xml
Pontibacter	NA
Planococcus	Planococcus_massiliensis_DSM_28915.xml
Asparagus	NA
Dyadobacter	Dyadobacter_fermentans_DSM_18053.xml
Vitis	NA
Pseudarthrobacter	NA
Bosea	Bosea_thiooxidans_DSM_9653.xml
Myxococcus	NA
Neobacillus	Neobacillus_jeddahensis_DSM_28281.xml
Saccharopolyspora	NA
Metamycoplasma	NA
Sulfitobacter	NA
Streptosporangium	NA
Roseomonas	Roseomonas_mucosa_ATCC_BAA_692.xml
Pseudoxanthomonas	Pseudoxanthomonas_mexicana_CCH9_G4.xml
Sorangium	NA
Euphorbia	NA
Luteolibacter	NA
Capnocytophaga	Capnocytophaga_ochracea_F0287.xml
Dioscorea	NA
Impatiens	NA
Corallococcus	NA
Lacticaseibacillus	NA
Ornithobacterium	NA
Lysinibacillus	Lysinibacillus_fusiformis_ZC1.xml
Shinella	NA
Tessaracoccus	Tessaracoccus_massiliensis_SIT6.xml
Cohnella	Cohnella_laeviribosi_DSM_21336.xml
Roseibium	NA
Qiania	NA
Raphanus	NA
Peptostreptococcus	Peptostreptococcus_anaerobius_653_L.xml
Sorghum	NA
Geobacter	NA
Flagellimonas	NA
Archangium	NA
Henckelia	NA
Leifsonia	NA
Prescottella	NA
Telopea	NA
Acetivibrio	Acetivibrio_cellulolyticus_CD2.xml
Brachybacterium	Brachybacterium_paraconglomeratum_LC44.xml
Berryella	NA
Carya	NA
Cicer	NA
Dyella	NA
Enorma	Enorma_massiliensis_ERR1022365.xml
Microbulbifer	NA
Malus	NA
Chromobacterium	NA
Thermocaproicibacter	NA
Peribacillus	NA
Ligilactobacillus	NA
Erigeron	NA
Polaribacter	NA
Polynucleobacter	NA
Leucobacter	NA
Anaeromyxobacter	NA
Alnus	NA
Rosa	NA
Pandoraea	NA
Mycoplasma	Mycoplasma_hyopneumoniae_168_L.xml
Spiroplasma	Spiroplasma_culicicola_AES_1.xml
Neptunomonas	NA
Beta	NA
Janthinobacterium	NA
Manihot	NA
Fragaria	NA
Rhodoferax	NA
Erwinia	Erwinia_rhapontici_BIGb0435.xml
Erythrobacter	NA
Novisyntrophococcus	NA
Cynara	NA
Cajanus	NA
Desulfitobacterium	Desulfitobacterium_hafniense_DP7.xml
Eucalyptus	NA
Phoenix	NA
Sporosarcina	NA
Thauera	NA
Acetobacterium	Acetobacterium_wieringae_DSM_1911.xml
Amaranthus	NA
Alicyclobacillus	NA
Diospyros	NA
Succinivibrio	Succinivibrio_dextrinosolvens_H5.xml
Methanosphaera	Methanosphaera_stadtmanae_DSM_3091.xml
Herbaspirillum	Herbaspirillum_huttiense_subsp_putei_IAM_15032.xml
Proteiniclasticum	NA
Romboutsia	Romboutsia_nov_ERR1022375.xml
Qipengyuania	NA
Plasmodium	NA
Dickeya	NA
Hominifimenecus	NA
Roseovarius	NA
Mogibacterium	Mogibacterium_timidum_ATCC_33093.xml
Neomoorella	NA
Solobacterium	Solobacterium_moorei_DSM_22971.xml
Faecalibaculum	NA
Lactonifactor	Lactonifactor_longoviformis_DSM_17459.xml
Geothrix	NA
Kocuria	Kocuria_rhizophila_P7_4.xml
Geobacillus	Geobacillus_vulcani_PSS1.xml
Ornithinimicrobium	NA
Ensifer	NA
Geomonas	NA
Paenarthrobacter	NA
Allobaculum	Allobaculum_stercoricanis_DSM_13633.xml
Rothia	Rothia_dentocariosa_M567.xml
Delftia	Delftia_acidovorans_CCUG_15835.xml
Raoultibacter	NA
Tistrella	NA
Dehalobacter	NA
Maridesulfovibrio	NA
Physcomitrium	NA
Aeromicrobium	Aeromicrobium_massiliense_JC14.xml
Stappia	NA
Skermanella	NA
Proteiniphilum	Proteiniphilum_acetatigenes_DSM_18083.xml
Lachnoanaerobaculum	Lachnoanaerobaculum_orale_DSM_24553.xml
Luteimonas	NA
Aureimonas	NA
Photobacterium	Photobacterium_angustum_S14.xml
Propionibacterium	Propionibacterium_avidum_ATCC_25577.xml
Tenacibaculum	NA
Mangifera	NA
Medicago	NA
Amygdalobacter	NA
Halopseudomonas	NA
Mercurialis	NA
Nymphaea	NA
Terrisporobacter	Terrisporobacter_glycolicus_ERR2221120.xml
Thermaerobacter	NA
Citrus	NA
Desulfuromonas	NA
Leisingera	NA
Parvimonas	Parvimonas_micra_ATCC_33270.xml
Rhodopseudomonas	NA
Ancylobacter	NA
Ipomoea	NA
Methylocystis	NA
Prunus	NA
Roseiflexus	NA
Erysipelothrix	Erysipelothrix_rhusiopathiae_ATCC_19414.xml
Punica	NA
Typha	NA
Chlamydomonas	NA
Crassaminicella	NA
Intestinibacter	Intestinibacter_bartlettii_ERR1022418.xml
Trifolium	NA
Turicibacter	Turicibacter_sanguinis_ERR1022323.xml
Camelina	NA
Daucus	NA
Cannabis	NA
Lotus	NA
Megamonas	Megamonas_funiformis_YIT_11815.xml
Dehalococcoides	NA
Faecalimonas	Lachnospiraceae_bacterium_2_1_58FAA.xml
Pseudobutyrivibrio	Pseudobutyrivibrio_ruminis_AD2017.xml
Anaerotignum	Anaerotignum_propionicum_DSM_1682.xml
Leptospira	NA
Mageeibacillus	Mageeibacillus_indolicus_0009_5.xml
Latilactobacillus	NA
Cellulosilyticum	Cellulosilyticum_lentocellum_DSM_5427.xml
Selenobaculum	NA
Mycoplasmopsis	NA
Kluyvera	Kluyvera_ascorbata_ATCC_33433.xml
Buchnera	NA
Cytobacillus	NA
Thermoanaerobacterium	NA
Ruminiclostridium	Ruminiclostridium_nov_ERR1022441.xml
Caloramator	NA
Murdochiella	Murdochiella_vaginalis_DSM_102237.xml
Exiguobacterium	Exiguobacterium_aurantiacum_DSM_6208.xml
Caldicellulosiruptor	NA
Fastidiosipila	NA
Levyella	NA
Desulforamulus	NA
Helcococcus	NA
Niallia	NA
Ricinus	NA
Ananas	NA
Paraclostridium	Paraclostridium_bifermentans_MGYG_HGUT_00024.xml
Solidesulfovibrio	NA
Rahnella	Rahnella_aquatilis_CIP_78_65_ATCC_33071.xml
Weissella	Weissella_cibaria_KACC_11862.xml
Peptacetobacter	NA
Thioclava	NA
Priestia	NA
Setaria	NA
Curcuma	NA
Rhododendron	NA
Pyrus	NA
Vagococcus	Vagococcus_fluvialis_bH819.xml
Pediococcus	Pediococcus_acidilactici_MA18_5M.xml
Limosilactobacillus	NA
Providencia	Providencia_rettgeri_Dmel1.xml
Alteromonas	NA
Leptotrichia	Leptotrichia_buccalis_C_1013_b.xml
Massilimicrobiota	NA
Anaerococcus	Anaerococcus_tetradius_ATCC_35098.xml
Allocoprobacillus	NA
Desulfosarcina	NA
Acidithiobacillus	NA
Agrococcus	NA
Paludihabitans	NA
Methylomonas	NA
Dysgonomonas	Dysgonomonas_mossii_DSM_22836.xml
Petroclostridium	NA
Draconibacterium	NA
