Acaricomes	Acaricomes_phytoseiuli_DSM_14247.xml	4469550
Acaryochloris	Acaryochloris_marina_MBIC11017.xml	5479428
Acetanaerobacterium	Acetanaerobacterium_elongatum_CGMCC_1_5012.xml	3991781
Acetatifactor	Acetatifactor_muris_GP69.xml	4420545
Acetivibrio	Acetivibrio_cellulolyticus_CD2.xml	4383008
Acetobacterium	Acetobacterium_wieringae_DSM_1911.xml	4727750
Acetonema	Acetonema_longum_DSM_6540.xml	5515320
Achromobacter	Achromobacter_xylosoxidans_A8.xml	7728064
Acidaminobacter	Acidaminobacter_hydrogenoformans_DSM_2784.xml	4497175
Acidaminococcus	Acidaminococcus_fermentans_DSM_20731.xml	5107510
Acidobacterium	Acidobacterium_ailaaui_PMMR2.xml	4988234
Acidovorax	Acidovorax_caeni_R_24608.xml	5618880
Acinetobacter	Acinetobacter_pittii_D499.xml	8720805
Actinobacillus	Actinobacillus_pleuropneumoniae_serovar_11_str_56153.xml	7648712
Actinomyces	Actinomyces_odontolyticus_F0309.xml	5681890
Acutalibacter	Acutalibacter_muris_KB18.xml	3955119
Adlercreutzia	Adlercreutzia_muris_DSM_29508.xml	3988460
Advenella	Advenella_mimigardefordensis_DPN7.xml	5916384
Aerococcus	Aerococcus_viridans_LL1.xml	5872989
Aeromicrobium	Aeromicrobium_massiliense_JC14.xml	7600799
Aeromonas	Aeromonas_dhakensis_277.xml	8890202
Afipia	Afipia_birgiae_34632.xml	6420027
Aggregatibacter	Aggregatibacter_aphrophilus_F0387.xml	7000040
Agrobacterium	Agrobacterium_tumefaciens_F2.xml	7233005
Akkermansia	Akkermansia_muciniphila_YL44.xml	5036869
Alcaligenes	Alcaligenes_faecalis_subsp_faecalis_NBRC_13111.xml	6646661
Aliivibrio	Aliivibrio_fischeri_MJ11.xml	5872462
Alistipes	Alistipes_shahii_WAL_8301.xml	8683874
Alkalibaculum	Alkalibaculum_bacchi_DSM_22112_Ga0244545_101.xml	4419117
Alkaliphilus	Alkaliphilus_transvaalensis_ATCC_700919.xml	4639092
Allobaculum	Allobaculum_stercoricanis_DSM_13633.xml	3708904
Alloiococcus	Alloiococcus_otitis_ATCC_51267.xml	3842416
Alloprevotella	Alloprevotella_tannerae_ATCC_51259.xml	4196407
Alloscardovia	Alloscardovia_omnicolens_DSM_21503.xml	3504193
Amazonia	Amazonia_massiliensis_MS4.xml	5031303
Aminivibrio	Aminivibrio_pyruvatiphilus_DSM_25964.xml	5224898
Anaerobacillus	Anaerobacillus_macyae_DSM_16346.xml	5654073
Anaerobaculum	Anaerobaculum_hydrogeniformans_OS1_ATCC_BAA_1850.xml	4767617
Anaerobiospirillum	Anaerobiospirillum_succiniciproducens_DSM_640001.xml	5018972
Anaerococcus	Anaerococcus_tetradius_ATCC_35098.xml	6251434
Anaerofustis	Anaerofustis_stercorihominis_DSM_17244.xml	4196949
Anaeroglobus	Anaeroglobus_geminatus_F0357.xml	4191668
Anaeroplasma	Anaeroplasma_bactoclasticum_ATCC_27112.xml	3716093
Anaerosalibacter	Anaerosalibacter_massiliensis_ND1.xml	4597649
Anaerosporobacter	Anaerosporobacter_mobilis_DSM_15930.xml	4873355
Anaerostipes	Anaerostipes_hadrus_ERR1022376.xml	5372306
Anaerotignum	Anaerotignum_propionicum_DSM_1682.xml	4155597
Anaerotruncus	Anaerotruncus_colihominis_ERR1022453.xml	4780279
Anaerovorax	Anaerovorax_odorimutans_DSM_5092.xml	4022490
Aneurinibacillus	Aneurinibacillus_aneurinilyticus_ATCC_12856.xml	6340684
Arcanobacterium	Arcanobacterium_haemolyticum_DSM_20595.xml	4173426
Arcobacter	Arcobacter_butzleri_ED_1.xml	5956203
Ardenticatena	Ardenticatena_maritima_110S.xml	4763534
Arthrobacter	Arthrobacter_castelli_DSM_16402.xml	5940284
Atopobium	Atopobium_rimae_ATCC_49626.xml	4071685
Auritidibacter	Auritidibacter_ignavus_IMMIB_L_1656.xml	4742717
Bacillus	Bacillus_cereus_BAG3X2_1.xml	9101462
Bacteroidales	Bacteroidales_nov_ERR2221200.xml	4407695
Bacteroides	Bacteroides_ovatus_CL02T12C04.xml	12494197
Bacteroidetes	Bacteroidetes_bacterium_oral_taxon_272_str_F0290.xml	4121526
Barnesiella	Barnesiella_intestinihominis_YIT_11860.xml	5157172
Bartonella	Bartonella_quintana_RM_11.xml	5003253
Bdellovibrio	Bdellovibrio_bacteriovorus_HD100.xml	4807369
Beduini	Beduini_massiliensis_DSM_100188.xml	4140399
Bifidobacterium	Bifidobacterium_dentium_ATCC_27679.xml	8637741
Bilophila	Bilophila_wadsworthia_3_1_6.xml	5225982
Bittarella	Bittarella_massiliensis_GD6.xml	3928702
Blastococcus	Blastococcus_massiliensis_AP3.xml	5309376
Blautia	Blautia_torques_ERR1022404.xml	5635313
Bordetella	Bordetella_hinzii_OH87_BAL007II.xml	6863233
Borkfalkia	Borkfalkia_ceftriaxoniphila_HDS1380.xml	3998587
Bosea	Bosea_thiooxidans_DSM_9653.xml	6055744
Brachybacterium	Brachybacterium_paraconglomeratum_LC44.xml	5745467
Brachyspira	Brachyspira_pilosicoli_WesB.xml	10309763
Bradyrhizobium	Bradyrhizobium_elkanii_USDA_76.xml	7449978
Brevibacillus	Brevibacillus_brevis_FJAT_0809_GLX.xml	8566142
Brevibacterium	Brevibacterium_casei_S18.xml	5762271
Brevundimonas	Brevundimonas_diminuta_470_4.xml	5648753
Brochothrix	Brochothrix_thermosphacta_DSM_20171.xml	5453263
Bulleidia	Bulleidia_extructa_W1219.xml	3524819
Burkholderia	Burkholderia_cenocepacia_J2315.xml	10674747
Burkholderiales	Burkholderiales_bacterium_1_1_47.xml	4516144
Butyricicoccus	Butyricicoccus_pullicaecorum_1_2.xml	4996234
Butyricimonas	Butyricimonas_synergistica_DSM_23225.xml	5255126
Butyrivibrio	Butyrivibrio_fibrisolvens_16_4.xml	4970237
Caecibacter	Caecibacter_massiliensis_DSM_100188.xml	4719907
Campylobacter	Campylobacter_coli_2685.xml	6161538
Candidatus	Candidatus_Dorea_massiliensis_AP6.xml	4427796
Capnocytophaga	Capnocytophaga_ochracea_F0287.xml	6349938
Cardiobacterium	Cardiobacterium_valvarum_F0432.xml	4742397
Carnobacterium	Carnobacterium_maltaromaticum_ATCC_35586.xml	4897567
Catabacter	Catabacter_hongkongensis_HKU16.xml	4350747
Catenibacterium	Catenibacterium_mitsuokai_ERR1022284.xml	5664296
Catonella	Catonella_morbi_ATCC_51271.xml	4347686
Cedecea	Cedecea_davisae_DSM_4568.xml	7557970
Cellulomonas	Cellulomonas_timonensis_DSM_100699.xml	5177446
Cellulosilyticum	Cellulosilyticum_lentocellum_DSM_5427.xml	5105735
Cellulosimicrobium	Cellulosimicrobium_cellulans_J36.xml	4858801
Centipeda	Centipeda_periodontii_DSM_2778.xml	4769319
Cetobacterium	Cetobacterium_somerae_ATCC_BAA_47401.xml	5933010
Chlorobium	Chlorobium_phaeobacteroides_DSM_266.xml	4855217
Christensenella	Christensenella_minuta_DSM_22607.xml	4332463
Christensenellaceae	Christensenellaceae_nov_ERR1022455.xml	4033481
Citrobacter	Citrobacter_youngae_ATCC_29220.xml	11739428
Cloacibacillus	Cloacibacillus_evryensis_DSM_19522.xml	5518505
Cloacibacterium	Cloacibacterium_normanense_DSM_15886.xml	4330798
Clostridiaceae	Clostridiaceae_nov_ERR2221146.xml	5431809
Clostridiales	Clostridiales_incertae_sedis_nov_ERR2221388.xml	4689142
Clostridioides	Clostridioides_difficile_ATCC_9689.xml	7594815
Clostridium	Clostridium_clostridioforme_90A6.xml	10075267
Cohnella	Cohnella_laeviribosi_DSM_21336.xml	5648312
Colibacter	Colibacter_massiliensis_DSM_103304.xml	3853312
Collinsella	Collinsella_tanakaei_YIT_12063.xml	7510603
Comamonas	Comamonas_testosteroni_CNB_2.xml	7038815
Coprobacillus	Coprobacillus_cateniformis_D6.xml	4157775
Coprobacter	Coprobacter_fastidiosus_NSB1.xml	4528861
Coprococcus	Coprococcus_catus_GD_7.xml	5223817
Corynebacterium	Corynebacterium_glucuronolyticum_ATCC_51866.xml	8842175
Cronobacter	Cronobacter_sakazakii_ES15.xml	9385055
Cryptobacterium	Cryptobacterium_curtum_DSM_15641.xml	3896594
Culturomica	Culturomica_massiliensis_DSM_103121.xml	4295260
Cuneatibacter	Cuneatibacter_caecimuris_DSM_29486.xml	4549571
Cupriavidus	Cupriavidus_metallidurans_CH34.xml	6594959
Curtobacterium	Curtobacterium_flaccumfaciens_UCD_AKU.xml	5408622
Curvibacter	Curvibacter_gracilis_ATCC_BAA_807.xml	6202360
Cutibacterium	Cutibacterium_acnes_TypeIA2_P_acn17.xml	9410208
Dakarella	Dakarella_massiliensis_ND3.xml	4461582
Dechlorosoma	Dechlorosoma_suillum_PS.xml	4964191
Dehalobacterium	Dehalobacterium_formicoaceticum_DMC.xml	4339966
Delftia	Delftia_acidovorans_CCUG_15835.xml	9475305
Dermacoccus	Dermacoccus_nishinomiyaensis_DSM_20448.xml	5492045
Desulfitobacterium	Desulfitobacterium_hafniense_DP7.xml	5324956
Desulfomicrobium	Desulfomicrobium_orale_DSM_12838.xml	4609912
Desulfovibrio	Desulfovibrio_desulfuricans_subsp_desulfuricans_str_ATCC_27774.xml	6630564
Dialister	Dialister_succinatiphilus_YIT_11850.xml	4992468
Dielma	Dielma_fastidiosa_JC13.xml	3951438
Dietzia	Dietzia_cinnamea_P4.xml	5351440
Dolosigranulum	Dolosigranulum_pigrum_ATCC_51524.xml	3988440
Dorea	Dorea_longicatena_ERR1022383.xml	7484594
Dyadobacter	Dyadobacter_fermentans_DSM_18053.xml	6560532
Dysgonomonas	Dysgonomonas_mossii_DSM_22836.xml	7341479
Edwardsiella	Edwardsiella_tarda_EIB202.xml	12214582
Eggerthella	Eggerthella_lenta_11C.xml	5746517
Eggerthellaceae	Eggerthellaceae_bacterium_AT8.xml	3498137
Eggerthia	Eggerthia_catenaformis_OT_569.xml	4584687
Eikenella	Eikenella_corrodens_ATCC_23834.xml	4798950
Eisenbergiella	Eisenbergiella_tayi_ERR1022439.xml	5209642
Elusimicrobium	Elusimicrobium_minutum_Pei191.xml	4073671
Emergencia	Emergencia_timonensis_DSM_101844.xml	4411167
Enhydrobacter	Enhydrobacter_aerosaccus_ATCC_27094.xml	6526520
Enorma	Enorma_massiliensis_ERR1022365.xml	3969436
Enterobacter	Enterobacter_aerogenes_FGI35.xml	10438894
Enterobacteriaceae	Enterobacteriaceae_bacterium_9_2_54FAA.xml	7222157
Enterococcus	Enterococcus_cecorum_DSM_20682.xml	7751591
Enterorhabdus	Enterorhabdus_mucosicola_DSM_19490.xml	4031282
Eremococcus	Eremococcus_coleocola_ACS_139_V_Col8.xml	3691727
Erwinia	Erwinia_rhapontici_BIGb0435.xml	6984743
Erysipelatoclostridium	Erysipelatoclostridium_ramosum_ERR2221239.xml	4788382
Erysipelothrix	Erysipelothrix_rhusiopathiae_ATCC_19414.xml	3397095
Erysipelotrichaceae	Erysipelotrichaceae_nov_ERR171269.xml	4714239
Escherichia	Escherichia_coli_MP021552_7.xml	13848344
Ethanoligenens	Ethanoligenens_harbinense_YUAN_3.xml	4134304
Eubacterium	Eubacterium_eligens_ATCC_27750.xml	7266556
Ewingella	Ewingella_americana_BRK18a.xml	6512538
Exiguobacterium	Exiguobacterium_aurantiacum_DSM_6208.xml	5609067
Extibacter	Extibacter_muris_DSM_28560.xml	4712295
Facklamia	Facklamia_hominis_CCUG_36813.xml	3916908
Faecalibacterium	Faecalibacterium_prausnitzii_M21_2.xml	7693533
Faecalitalea	Faecalitalea_cylindroides_ATCC_27803.xml	3616357
Fenollaria	Fenollaria_timonensis_GD5.xml	3495472
Filifactor	Filifactor_alocis_ATCC_35896.xml	3998851
Finegoldia	Finegoldia_magna_ATCC_29328.xml	3808690
Flaviflexus	Flaviflexus_massiliensis_SIT4.xml	4412217
Flavobacterium	Flavobacterium_cucumis_DSM_18830.xml	4331327
Flavonifractor	Flavonifractor_plautii_ERR1022420.xml	5560999
Fournierella	Fournierella_massiliensis_DSM_100451.xml	4378770
Frisingicoccus	Frisingicoccus_caecimuris_DSM_28559.xml	4402454
Fructobacillus	Fructobacillus_tropaeoli_F214_1.xml	3491375
Fulvimarina	Fulvimarina_pelagi_HTCC2506.xml	5677228
Fusicatenibacter	Fusicatenibacter_saccharivorans_ERR1022437.xml	4618145
Fusobacterium	Fusobacterium_ulcerans_12_1B.xml	7630943
Gabonia	Gabonia_massiliensis_DSM_100571.xml	4565241
Gabonibacter	Gabonibacter_massiliensis_DSM_101039.xml	4337050
Gardnerella	Gardnerella_vaginalis_14019_MetR.xml	3491485
Gemella	Gemella_haemolysans_M341.xml	5279513
Gemmata	Gemmata_obscuriglobus_UQM_2246.xml	5376226
Gemmatimonas	Gemmatimonas_aurantiaca_T_27.xml	5147619
Gemmiger	Gemmiger_formicilis_ERR2221191.xml	4470006
Geobacillus	Geobacillus_vulcani_PSS1.xml	6282706
Gordonia	Gordonia_terrae_NBRC_100016.xml	6635668
Gordonibacter	Gordonibacter_pamelaeae_ERR2221155.xml	4202259
Gorillibacterium	Gorillibacterium_timonense_CSUR_P2011.xml	5323634
Gottschalkia	Gottschalkia_purinilyticum_DSM_1384.xml	4234025
Gracilibacillus	Gracilibacillus_timonensis_CSUR_P2481.xml	5101117
Granulicatella	Granulicatella_elegans_ATCC_700633.xml	4076962
Grimontia	Grimontia_hollisae_CIP_101886.xml	6488386
Guyana	Guyana_massiliensis_LF_3.xml	4328750
Haemophilus	Haemophilus_parainfluenzae_HK2019.xml	7001967
Hafnia	Hafnia_alvei_BIDMC_31.xml	8297601
Halococcus	Halococcus_morrhuae_DSM1307.xml	4293150
Halomonas	Halomonas_campaniensis_LS21.xml	6106831
Helicobacter	Helicobacter_bilis_WiWa.xml	5946554
Herbaspirillum	Herbaspirillum_huttiense_subsp_putei_IAM_15032.xml	6719537
Holdemania	Holdemania_massiliensis_AP2.xml	4160935
Hydrotalea	Hydrotalea_flava_isolate_2.xml	3868283
Intestinibacter	Intestinibacter_bartlettii_ERR1022418.xml	4606008
Intestinimonas	Intestinimonas_butyriciproducens_SRB_521_5_I.xml	4679425
Jeddahella	Jeddahella_massiliensis_OL_1.xml	4224818
Johnsonella	Johnsonella_ignava_ATCC_51276.xml	4098589
Jonquetella	Jonquetella_anthropi_E3_33_E1.xml	4343617
Kallipyga	Kallipyga_massiliensis_ph2.xml	3895742
Kandleria	Kandleria_vitulina_DSM_20405.xml	4717748
Kingella	Kingella_oralis_ATCC_51147.xml	4892876
Klebsiella	Klebsiella_pneumoniae_1162281.xml	10862467
Kluyvera	Kluyvera_ascorbata_ATCC_33433.xml	7673217
Kocuria	Kocuria_rhizophila_P7_4.xml	6664434
Kosakonia	Kosakonia_sacchari_SP1.xml	7364143
Kurthia	Kurthia_massiliensis_JC30.xml	5946805
Kytococcus	Kytococcus_sedentarius_DSM_20547.xml	4854196
Lachnoanaerobaculum	Lachnoanaerobaculum_orale_DSM_24553.xml	4609304
Lachnobacterium	Lachnobacterium_bovis_DSM_14045.xml	4376656
Lachnoclostridium	Lachnoclostridium_nov_ERR171281.xml	6241413
Lachnospira	Lachnospira_multipara_ATCC_19207.xml	4614567
Lachnospiraceae	Lachnospiraceae_bacterium_2_1_58FAA.xml	7113766
Lactobacillus	Lactobacillus_buchneri_NRRL_B_30929.xml	9187377
Lactococcus	Lactococcus_garvieae_8831.xml	5894783
Lactonifactor	Lactonifactor_longoviformis_DSM_17459.xml	5039971
Lagierella	Lagierella_massiliensis_CSUR_P2012.xml	3244454
Laribacter	Laribacter_hongkongensis_HLHK9.xml	5505266
Lascolabacillus	Lascolabacillus_massiliensis_DSM_100190.xml	4338001
Lautropia	Lautropia_mirabilis_ATCC_51599.xml	5618751
Leclercia	Leclercia_adecarboxylata_KY2.xml	6907481
Leminorella	Leminorella_grimontii_ATCC_33999.xml	6333945
Leptotrichia	Leptotrichia_buccalis_C_1013_b.xml	5186347
Leuconostoc	Leuconostoc_mesenteroides_subsp_mesenteroides_ATCC_8293.xml	6198035
Listeria	Listeria_monocytogenes_ATCC_19117.xml	7466937
Loktanella	Loktanella_vestfoldensis_SMR4r.xml	5409227
Longibaculum	Longibaculum_muris_DSM_29487.xml	4525164
Longicatena	Longicatena_caecimuris_DSM_29481.xml	4334434
Lysinibacillus	Lysinibacillus_fusiformis_ZC1.xml	8027367
Mageeibacillus	Mageeibacillus_indolicus_0009_5.xml	3448291
Marinospirillum	Marinospirillum_alkaliphilum_DSM_21637.xml	5121580
Marvinbryantia	Marvinbryantia_formatexigens_I_52_DSM_14469.xml	7314427
Massilibacterium	Massilibacterium_senegalense_DSM_100455.xml	4781003
Massilioclostridium	Massilioclostridium_coli_DSM_103344.xml	3897751
Mediterraneibacter	Mediterraneibacter_massiliensis_DSM_100837.xml	4285764
Megamonas	Megamonas_funiformis_YIT_11815.xml	5632365
Megasphaera	Megasphaera_elsdenii_DSM_20460.xml	5578836
Meiothermus	Meiothermus_silvanus_DSM_9946.xml	5198528
Melainabacterium	Melainabacterium_MEL_A1.xml	4335994
Merdibacter	Merdibacter_massiliensis_Marseille_P3254.xml	4048244
Mesorhizobium	Mesorhizobium_loti_MAFF303099.xml	7283835
Metakosakonia	Metakosakonia_massiliensis_JC163.xml	6943810
Methanobrevibacter	Methanobrevibacter_ruminantium_M1.xml	3461825
Methanomassiliicoccus	Methanomassiliicoccus_luminyensis_B10.xml	4406299
Methanosphaera	Methanosphaera_stadtmanae_DSM_3091.xml	3048507
Methylobacterium	Methylobacterium_mesophilicum_SR1_6_6.xml	7115058
Methyloversatilis	Methyloversatilis_universalis_EHg5.xml	7328753
Microbacterium	Microbacterium_paraoxydans_77MFTsu3_2.xml	5654931
Micrococcus	Micrococcus_luteus_SK58.xml	4948288
Micromonospora	Micromonospora_aurantiaca_ATCC_27029.xml	6169846
Microvirga	Microvirga_massiliensis_JC119.xml	6378204
Mitsuokella	Mitsuokella_jalaludinii_DSM_13811.xml	5252847
Mobilicoccus	Mobilicoccus_massiliensis_DSM_29065.xml	5314816
Mobiluncus	Mobiluncus_curtisii_subsp_holmesii_ATCC_35242.xml	5352753
Mogibacterium	Mogibacterium_timidum_ATCC_33093.xml	3690607
Moraxella	Moraxella_catarrhalis_7169.xml	6330948
Morganella	Morganella_morganii_SC01.xml	8614620
Mucispirillum	Mucispirillum_schaedleri_ASF457.xml	4398682
Murdochiella	Murdochiella_vaginalis_DSM_102237.xml	3172649
Muribaculum	Muribaculum_intestinale_YL27.xml	4373382
Muricomes	Muricomes_intestini_DSM_29489.xml	4824460
Murimonas	Murimonas_intestini_DSM_26524.xml	4871292
Mycobacterium	Mycobacterium_avium_subsp_paratuberculosis_S397.xml	8211646
Mycoplasma	Mycoplasma_hyopneumoniae_168_L.xml	3098756
Myroides	Myroides_odoratimimus_CIP_101113.xml	5169527
Natranaerovirga	Natranaerovirga_pectinivora_DSM_24629.xml	4653607
Neglecta	Neglecta_timonensis_DSM_102082.xml	4154686
Neisseria	Neisseria_mucosa_C102.xml	6513999
Neobacillus	Neobacillus_jeddahensis_DSM_28281.xml	5676945
Neofamilia	Neofamilia_massiliensis_DSM_100639.xml	3316948
Nesterenkonia	Nesterenkonia_massiliensis_NP1.xml	4616680
Nevskia	Nevskia_ramosa_DSM_11499.xml	6292221
Nigerium	Nigerium_massiliense_SIT5.xml	4922692
Nocardioides	Nocardioides_massiliensis_GD13.xml	5328337
Nosocomiicoccus	Nosocomiicoccus_massiliensis_NP2.xml	3749314
Noviherbaspirillum	Noviherbaspirillum_massiliense_JC206.xml	5737736
Novosphingobium	Novosphingobium_aromaticivorans_DSM_12444.xml	5400130
Numidum	Numidum_massiliense_mt3.xml	5388468
Obesumbacterium	Obesumbacterium_proteus_ATCC_12841.xml	6521860
Oceanobacillus	Oceanobacillus_picturae_strain_S1.xml	6030275
Ochrobactrum	Ochrobactrum_anthropi_CTS_325.xml	9241180
Odoribacter	Odoribacter_splanchnicus_1651_6_DSM_20712.xml	5451664
Olegusella	Olegusella_massiliensis_DSM_101849.xml	3390147
Oligella	Oligella_urethralis_DSM_7531.xml	4965655
Olsenella	Olsenella_profusa_F019501.xml	4827083
Oribacterium	Oribacterium_sinus_F0268.xml	4655586
Oscillibacter	Oscillibacter_ruminantium_GH1.xml	4263975
Oxalobacter	Oxalobacter_formigenes_OXCC13.xml	4348407
Paenibacillus	Paenibacillus_daejeonensis_DSM_15491.xml	9361205
Paeniclostridium	Paeniclostridium_sordellii_VPI_9048.xml	4854925
Paludibacter	Paludibacter_propionicigenes_WB4.xml	8378382
Pantoea	Pantoea_agglomerans_IG1.xml	7532198
Papillibacter	Papillibacter_cinnamivorans_DSM_12816.xml	3957009
Parabacteroides	Parabacteroides_distasonis_CL09T03C24.xml	10477143
Paraburkholderia	Paraburkholderia_sediminicola_LMG_24238.xml	6780699
Paraclostridium	Paraclostridium_bifermentans_MGYG_HGUT_00024.xml	5001951
Paracoccus	Paracoccus_yeei_ATCC_BAA_599.xml	6588680
Paraeggerthella	Paraeggerthella_hongkongensis_RC2_2.xml	4234065
Parapedobacter	Parapedobacter_koreensis_Jip14.xml	5548942
Paraprevotella	Paraprevotella_clara_YIT_11840.xml	7584603
Parascardovia	Parascardovia_denticolens_F0305.xml	3528203
Parasporobacterium	Parasporobacterium_paucivorans_DSM_15970.xml	4345396
Parasutterella	Parasutterella_excrementihominis_YIT_11859.xml	4971758
Parvibacter	Parvibacter_caecicola_NM48_B13.xml	3808040
Parvimonas	Parvimonas_micra_ATCC_33270.xml	3164779
Pasteurella	Pasteurella_caecimuris_NM44_TS2_9.xml	5554089
Pediococcus	Pediococcus_acidilactici_MA18_5M.xml	5464860
Pelomonas	Pelomonas_saccharophila_DSM_654.xml	6272768
Peptoniphilus	Peptoniphilus_lacrimalis_315_B.xml	4948266
Peptostreptococcus	Peptostreptococcus_anaerobius_653_L.xml	5643344
Phascolarctobacterium	Phascolarctobacterium_succinatutens_YIT_12067.xml	4651595
Phocaeicola	Phocaeicola_abscessus_CCUG_55929.xml	4046442
Photobacterium	Photobacterium_angustum_S14.xml	6348739
Photorhabdus	Photorhabdus_luminescens_NBAII_H75HRPL105.xml	6149602
Pirellula	Pirellula_staleyi_DSM_6068.xml	5337190
Planococcus	Planococcus_massiliensis_DSM_28915.xml	5399470
Plesiomonas	Plesiomonas_shigelloides_302_73.xml	6888424
Polynesia	Polynesia_massiliensis_MS3.xml	5262158
Porphyromonadaceae	Porphyromonadaceae_nov_ERR2221365.xml	4565238
Porphyromonas	Porphyromonas_gingivalis_TDC60.xml	6282070
Prevotella	Prevotella_ruminicola_23.xml	9300599
Prevotellaceae	Prevotellaceae_bacterium_Marseille_P2826.xml	3684079
Propionibacterium	Propionibacterium_avidum_ATCC_25577.xml	9221800
Proteiniphilum	Proteiniphilum_acetatigenes_DSM_18083.xml	4873904
Proteus	Proteus_mirabilis_WGLW6.xml	8360015
Providencia	Providencia_rettgeri_Dmel1.xml	8928025
Pseudoalteromonas	Pseudoalteromonas_arctica_A_37_1_2.xml	5464140
Pseudobutyrivibrio	Pseudobutyrivibrio_ruminis_AD2017.xml	4880289
Pseudoflavonifractor	Pseudoflavonifractor_capillosus_ERR1022447.xml	4840792
Pseudoglutamicibacter	Pseudoglutamicibacter_albus_DNF00011.xml	4184276
Pseudomonas	Pseudomonas_aeruginosa_PA7.xml	10154337
Pseudoramibacter	Pseudoramibacter_alactolyticus_ATCC_23263.xml	4584503
Pseudoxanthomonas	Pseudoxanthomonas_mexicana_CCH9_G4.xml	4914892
Pyramidobacter	Pyramidobacter_piscolens_W5455.xml	5125978
Rahnella	Rahnella_aquatilis_CIP_78_65_ATCC_33071.xml	6997597
Ralstonia	Ralstonia_pickettii_12J.xml	6463775
Raoultella	Raoultella_planticola_ATCC_33531.xml	8264869
Reyranella	Reyranella_soli_NBRC_108950.xml	6725898
Rhizobium	Rhizobium_leguminosarum_bv_viciae_WSM1481.xml	6949816
Rhodococcus	Rhodococcus_equi_103S.xml	8307692
Rickettsiella	Rickettsiella_grylli.xml	3701190
Rikenella	Rikenella_microfusus_DSM_15922.xml	4415358
Rikenellaceae	Rikenellaceae_nov_ERR2221110.xml	3998428
Risungbinella	Risungbinella_massiliensis_GD1.xml	5034924
Robinsoniella	Robinsoniella_peoriensis_WT.xml	5109156
Rodentibacter	Rodentibacter_pneumotropicus_DSM_21403.xml	5290379
Romboutsia	Romboutsia_nov_ERR1022375.xml	4635319
Roseburia	Roseburia_intestinalis_XB6B4.xml	7792683
Roseomonas	Roseomonas_mucosa_ATCC_BAA_692.xml	6965672
Rothia	Rothia_dentocariosa_M567.xml	5950613
Rubeoparvulum	Rubeoparvulum_massiliense_DSM_100479.xml	4732255
Rubrobacter	Rubrobacter_xylanophilus_DSM_9941.xml	5237545
Rudanella	Rudanella_lutea_DSM_19387.xml	5939880
Ruminiclostridium	Ruminiclostridium_nov_ERR1022441.xml	4478159
Ruminococcaceae	Ruminococcaceae_nov_ERR1022313.xml	4880003
Ruminococcus	Ruminococcus_albus_8.xml	8964816
Ruthenibacterium	Ruthenibacterium_lactatiformans_585_1.xml	4302045
Salinibacterium	Salinibacterium_amurskyense_DSM_16400.xml	4925844
Salmonella	Salmonella_enterica_subsp_enterica_serovar_Montevideo_str_SARB31.xml	13458907
Sarcina	Sarcina_nov_ERR1022421.xml	5883019
Scardovia	Scardovia_inopinata_F0304.xml	4074490
Schaalia	Schaalia_hyovaginalis_BSM_389_WT_23D.xml	4570992
Schlesneria	Schlesneria_paludicola_DSM_18645.xml	6312344
Schwartzia	Schwartzia_succinivorans_DSM_10502.xml	4492936
Sediminibacterium	Sediminibacterium_salmoneum_NBRC_103935.xml	4607190
Selenomonas	Selenomonas_ruminantium_AC2024.xml	5499577
Sellimonas	Sellimonas_intestinalis_BR72.xml	4547091
Senegalimassilia	Senegalimassilia_anaerobia_JC110.xml	3759303
Serratia	Serratia_marcescens_subsp_marcescens_Db11.xml	8003353
Shewanella	Shewanella_halifaxensis_HAW_EB4.xml	6094092
Shigella	Shigella_sonnei_Ss046.xml	11610810
Shuttleworthia	Shuttleworthia_satelles_DSM_14600.xml	6785619
Silanimonas	Silanimonas_lenta_DSM_16282.xml	5258930
Sinobacterium	Sinobacterium_caligoides_DSM_100316.xml	5556476
Slackia	Slackia_piriformis_YIT_12062.xml	4204148
Sneathia	Sneathia_amnii_SN35.xml	3666533
Solobacterium	Solobacterium_moorei_DSM_22971.xml	4069944
Sphingobium	Sphingobium_amiense_NBRC_102518.xml	5258737
Sphingomonas	Sphingomonas_paucimobilis_HER1398.xml	5697395
Sphingosinicella	Sphingosinicella_microcystinivorans_DSM_19791.xml	5400186
Spiroplasma	Spiroplasma_culicicola_AES_1.xml	2776979
Spirosoma	Spirosoma_linguale_DSM_74.xml	6444954
Sporobacter	Sporobacter_termitidis_DSM_10068.xml	4723985
Staphylococcus	Staphylococcus_warneri_L37603.xml	9732103
Stenotrophomonas	Stenotrophomonas_maltophilia_K279a.xml	8100581
Stomatobaculum	Stomatobaculum_longum_ACC2.xml	3783636
Stoquefichus	Stoquefichus_massiliensis_AP9.xml	4943147
Streptococcus	Streptococcus_agalactiae_CCUG_25532.xml	8650092
Streptomyces	Streptomyces_massiliensis_AP10.xml	5825262
Subdoligranulum	Subdoligranulum_variabile_DSM_15176.xml	4763621
Succinatimonas	Succinatimonas_hippei_YIT_12066.xml	4867460
Succiniclasticum	Succiniclasticum_ruminis_DSM_11005.xml	4473298
Succinivibrio	Succinivibrio_dextrinosolvens_H5.xml	5112880
Sulfolobus	Sulfolobus_solfataricus_P2.xml	6381319
Sutterella	Sutterella_wadsworthensis_HGA0223.xml	6323619
Synergistes	Synergistes_jonesii_78_1.xml	4463853
Syntrophus	Syntrophus_aciditrophicus_SB.xml	4914135
Tannerella	Tannerella_forsythia_ATCC_43037.xml	4601208
Tatumella	Tatumella_ptyseos_ATCC_33301.xml	6537548
Terrisporobacter	Terrisporobacter_glycolicus_ERR2221120.xml	4941786
Tessaracoccus	Tessaracoccus_massiliensis_SIT6.xml	4744909
Tetragenococcus	Tetragenococcus_koreensis_NBRC_106072.xml	4601414
Thalassobacillus	Thalassobacillus_massiliensis_TM_1.xml	5933276
Thermoanaerobacter	Thermoanaerobacter_pseudethanolicus_ATCC_33223.xml	4364790
Thermus	Thermus_scotoductus_SA_01.xml	4653390
Timonella	Timonella_senegalensis_JC301.xml	4429439
Trabulsiella	Trabulsiella_guamensis_ATCC_49490.xml	7376234
Treponema	Treponema_succinifaciens_DSM_2489.xml	5766160
Tropheryma	Tropheryma_whipplei_TW08_27.xml	4542082
Trueperella	Trueperella_pyogenes_MS249.xml	4506842
Turicibacter	Turicibacter_sanguinis_ERR1022323.xml	5706349
Turicimonas	Turicimonas_muris_YL45.xml	4553414
Tyzzerella	Tyzzerella_nov_ERR171258.xml	4237259
Ureaplasma	Ureaplasma_urealyticum_serovar_5_str_ATCC_27817.xml	2389132
Ureibacillus	Ureibacillus_thermosphaericus_str_Thermo_BF.xml	5557946
Vagococcus	Vagococcus_fluvialis_bH819.xml	4625150
Vallitalea	Vallitalea_guaymasensis_L81.xml	5109000
Varibaculum	Varibaculum_cambriense_DSM_15806.xml	4149279
Variovorax	Variovorax_paradoxus_H108.xml	6938388
Veillonella	Veillonella_parvula_ATCC_17745.xml	6971038
Veillonellaceae	Veillonellaceae_nov_ERR2221308.xml	4575510
Vibrio	Vibrio_parahaemolyticus_SNUVpS_1.xml	9127141
Victivallis	Victivallis_vadensis_DSM_14823.xml	4799108
Virgibacillus	Virgibacillus_massiliensis_MGYG_HGUT_01470.xml	6161144
Vitreoscilla	Vitreoscilla_massiliensis_CSUR_P2036.xml	5403690
Weissella	Weissella_cibaria_KACC_11862.xml	4608616
Xanthomonas	Xanthomonas_massiliensis_CSUR_P2129.xml	5378376
Yersinia	Yersinia_enterocolitica_subsp_palearctica_Y11.xml	9108982
Yokenella	Yokenella_regensburgei_ATCC_43003.xml	8124841
