Segatella	Prevotella_copri_CB7_DSM_18205.xml
Prevotella	Prevotella_intermedia_ATCC_25611
Agathobacter	Eubacterium_rectale_ATCC_33656.xml
Eubacterium 	Eubacterium_ventriosum_ATCC_27560.xml
Enterocloster	Clostridium_bolteae_ATCC_BAA_613.xml
Clostridium	Clostridium_beijerinckii_G117.xml
Anaerobutyricum	Eubacterium_hallii_L2_7.xml
Wujia	Lachnospiraceae_bacterium_2_1_58FAA.xml
Lawsonibacter	Pseudoflavonifractor_capillosus_ERR1022447.xml
Eshraghiella	Butyrivibrio_crossotus_DSM_2876.xml
Hungatella	Clostridium_hathewayi_12489931.xml
Pusillibacter	Oscillibacter_ruminantium_GH1.xml
Faecalibacillus	Coprobacillus_sp_8_2_54BFAA.xml
Thomasclavelia	Coprobacillus_sp_8_2_54BFAA.xml
Agathobaculum	Eubacterium_desmolans_ATCC_43058.xml
Lacrimispora	Clostridium_sphenoides_JCM_1415.xml
Hoylesella	Prevotella_enoeca_JCM_12259.xml
Duodenibacillus	Duodenibacillus_massiliensis_DSM_29927.xml
Dysosmobacter	Faecalibacterium_prausnitzii_A2_165.xml
Faecalimonas	Lachnospiraceae_bacterium_2_1_58FAA.xml
Monoglobus	Roseburia_intestinalis_XB6B4.xml
Otoolea	Blautia_wexlerae_AGR2146.xml
Simiaoa	Roseburia_intestinalis_XB6B4.xml
Vescimonas	Blautia_wexlerae_AGR2146.xml
